<html>
<body>
<pre>
<h1>µVision Build Log</h1>
<h2>Tool Versions:</h2>
IDE-Version: ¦ÌVision V5.24.2.0
Copyright (C) 2017 ARM Ltd and ARM Germany GmbH. All rights reserved.
License Information: 1996 12, jjx, LIC=RC93N-YAWLW-MMD9I-TF999-2DWAR-XBKX5
 
Tool Versions:
Toolchain:       MDK-ARM Plus  Version: 5.24.1
Toolchain Path:  C:\Keil_v5\ARM\ARMCC\Bin
C Compiler:      Armcc.exe V5.06 update 5 (build 528)
Assembler:       Armasm.exe V5.06 update 5 (build 528)
Linker/Locator:  ArmLink.exe V5.06 update 5 (build 528)
Library Manager: ArmAr.exe V5.06 update 5 (build 528)
Hex Converter:   FromElf.exe V5.06 update 5 (build 528)
CPU DLL:         SARMCM3.DLL V5.24.1
Dialog DLL:      DCM.DLL V1.16.0.0
Target DLL:      UL2CM3.DLL V1.160.3.0
Dialog DLL:      TCM.DLL V1.32.0.0
 
<h2>Project:</h2>
G:\ÏîÄ¿³ÌÐò\SUV_Baord\Unman_Ship_2022\Unman_Ship2022.uvprojx
Project File Date:  07/13/2023

<h2>Output:</h2>
*** Using Compiler 'V5.06 update 5 (build 528)', folder: 'C:\Keil_v5\ARM\ARMCC\Bin'
Build target 'Unman_Shop2022'
compiling main.c...
compiling base_ship.c...
compiling ship.c...
compiling TargetCtrl.c...
compiling Global.c...
compiling water_ship.c...
compiling gpgga.c...
compiling bestxyza.c...
compiling DGPS.c...
compiling gpgsv.c...
compiling gphdt.c...
compiling gphpd.c...
compiling gphpr.c...
compiling gprmc.c...
compiling gptra.c...
compiling headinga.c...
compiling parser.c...
compiling ppnav.c...
compiling ppnfo.c...
compiling refstation.c...
compiling string-split.c...
compiling test.c...
compiling bsp.c...
compiling com.c...
compiling security.c...
compiling water_sensor.c...
compiling time.c...
compiling retarget.c...
compiling nvic.c...
compiling gpio.c...
compiling uart.c...
compiling uart1.c...
compiling uart2.c...
compiling uart3.c...
compiling getline.c...
compiling aux_lib.c...
compiling prompt.c...
compiling stm32f10x_crc.c...
compiling stm32f10x_flash.c...
compiling stm32f10x_gpio.c...
compiling stm32f10x_pwr.c...
compiling stm32f10x_rcc.c...
compiling stm32f10x_tim.c...
compiling stm32f10x_usart.c...
compiling misc.c...
assembling startup_stm32f10x_hd.s...
compiling stm32f10x_exti.c...
linking...
Program Size: Code=46176 RO-data=1724 RW-data=1236 ZI-data=16820  
After Build - User command #1: fromelf --bin .\Output\Unman_Ship2022.axf --output  ./bin/SUV_Board.bin
".\Output\Unman_Ship2022.axf" - 0 Error(s), 0 Warning(s).

<h2>Software Packages used:</h2>

Package Vendor: Keil
                http://www.keil.com/pack/Keil.STM32F1xx_DFP.2.2.0.pack
                Keil.STM32F1xx_DFP.2.2.0
                STMicroelectronics STM32F1 Series Device Support, Drivers and Examples

<h2>Collection of Component include folders:</h2>
  .\RTE\_Unman_Shop2022
  C:\Keil_v5\ARM\PACK\Keil\STM32F1xx_DFP\2.2.0\Device\Include

<h2>Collection of Component Files used:</h2>
Build Time Elapsed:  00:00:13
</pre>
</body>
</html>
