Component: ARM Compiler 5.06 update 5 (build 528) Tool: armlink [4d35e2]

==============================================================================

Section Cross References

    main.o(i.main) refers to bsp.o(i.bsp_init) for bsp_init
    main.o(i.main) refers to com.o(i.com_init) for com_init
    main.o(i.main) refers to __2printf.o(.text) for __2printf
    main.o(i.main) refers to ship.o(i.ship_init) for ship_init
    main.o(i.main) refers to ship.o(i.ship_code_running) for ship_code_running
    base_ship.o(i.base_mode_init) refers to _printf_percent.o(.ARM.Collect$$_printf_percent$$00000000) for _printf_percent
    base_ship.o(i.base_mode_init) refers to _printf_d.o(.ARM.Collect$$_printf_percent$$00000009) for _printf_d
    base_ship.o(i.base_mode_init) refers to _printf_dec.o(.text) for _printf_int_dec
    base_ship.o(i.base_mode_init) refers to base_ship.o(i.change_max_min) for change_max_min
    base_ship.o(i.base_mode_init) refers to __2printf.o(.text) for __2printf
    base_ship.o(i.base_mode_init) refers to ship.o(i.base_change_to_vessel_code) for base_change_to_vessel_code
    base_ship.o(i.base_mode_init) refers to time.o(i.time_nowMs) for time_nowMs
    base_ship.o(i.base_mode_init) refers to time.o(i.time_waitMs) for time_waitMs
    base_ship.o(i.base_mode_init) refers to base_ship.o(i.base_read_remote_controllor) for base_read_remote_controllor
    base_ship.o(i.base_mode_init) refers to gpio.o(.data) for PWM_time2
    base_ship.o(i.base_mode_init) refers to base_ship.o(.data) for val3
    base_ship.o(i.base_mode_init) refers to base_ship.o(.conststring) for .conststring
    base_ship.o(i.base_read_remote_controllor) refers to stm32f10x_gpio.o(i.GPIO_ReadInputDataBit) for GPIO_ReadInputDataBit
    base_ship.o(i.mode_change_check) refers to base_ship.o(i.ship_output_bsvsc) for ship_output_bsvsc
    base_ship.o(i.mode_change_check) refers to base_ship.o(.data) for BASE_FLAG
    base_ship.o(i.recv_telecontroller_information) refers to _printf_percent.o(.ARM.Collect$$_printf_percent$$00000000) for _printf_percent
    base_ship.o(i.recv_telecontroller_information) refers to _printf_d.o(.ARM.Collect$$_printf_percent$$00000009) for _printf_d
    base_ship.o(i.recv_telecontroller_information) refers to _printf_dec.o(.text) for _printf_int_dec
    base_ship.o(i.recv_telecontroller_information) refers to time.o(i.time_nowMs) for time_nowMs
    base_ship.o(i.recv_telecontroller_information) refers to ship.o(i.code_runing_led) for code_runing_led
    base_ship.o(i.recv_telecontroller_information) refers to base_ship.o(i.change_max_min) for change_max_min
    base_ship.o(i.recv_telecontroller_information) refers to __2printf.o(.text) for __2printf
    base_ship.o(i.recv_telecontroller_information) refers to base_ship.o(i.turn_corner_change) for turn_corner_change
    base_ship.o(i.recv_telecontroller_information) refers to base_ship.o(i.Motor_change_max_min) for Motor_change_max_min
    base_ship.o(i.recv_telecontroller_information) refers to fflt_clz.o(x$fpl$ffltu) for __aeabi_ui2f
    base_ship.o(i.recv_telecontroller_information) refers to fdiv.o(x$fpl$fdiv) for __aeabi_fdiv
    base_ship.o(i.recv_telecontroller_information) refers to base_ship.o(i.base_read_remote_controllor) for base_read_remote_controllor
    base_ship.o(i.recv_telecontroller_information) refers to base_ship.o(i.mode_change_check) for mode_change_check
    base_ship.o(i.recv_telecontroller_information) refers to base_ship.o(i.ship_output_bsvsc) for ship_output_bsvsc
    base_ship.o(i.recv_telecontroller_information) refers to base_ship.o(i.ship_output) for ship_output
    base_ship.o(i.recv_telecontroller_information) refers to base_ship.o(.data) for target
    base_ship.o(i.recv_telecontroller_information) refers to gpio.o(.data) for PWM_time0
    base_ship.o(i.recv_telecontroller_information) refers to base_ship.o(.bss) for ship_data
    base_ship.o(i.recv_telecontroller_information) refers to base_ship.o(.conststring) for .conststring
    base_ship.o(i.ship_output) refers to _printf_percent.o(.ARM.Collect$$_printf_percent$$00000000) for _printf_percent
    base_ship.o(i.ship_output) refers to _printf_d.o(.ARM.Collect$$_printf_percent$$00000009) for _printf_d
    base_ship.o(i.ship_output) refers to _printf_x.o(.ARM.Collect$$_printf_percent$$0000000C) for _printf_x
    base_ship.o(i.ship_output) refers to _printf_f.o(.ARM.Collect$$_printf_percent$$00000003) for _printf_f
    base_ship.o(i.ship_output) refers to _printf_dec.o(.text) for _printf_int_dec
    base_ship.o(i.ship_output) refers to _printf_hex_int.o(.text) for _printf_longlong_hex
    base_ship.o(i.ship_output) refers to printf1.o(x$fpl$printf1) for _printf_fp_dec
    base_ship.o(i.ship_output) refers to _printf_pad.o(.text) for _printf_pre_padding
    base_ship.o(i.ship_output) refers to rt_memclr_w.o(.text) for __aeabi_memclr4
    base_ship.o(i.ship_output) refers to f2d.o(x$fpl$f2d) for __aeabi_f2d
[...]
    code_runing_led                          0x08007db5   Thumb Code    62  ship.o(i.code_runing_led)
    com_check_event                          0x08007e01   Thumb Code    68  com.o(i.com_check_event)
    com_init                                 0x08007e4d   Thumb Code    62  com.o(i.com_init)
    cos                                      0x08007f11   Thumb Code   148  cos.o(i.cos)
    floor                                    0x08007fad   Thumb Code   204  floor.o(i.floor)
    fputc                                    0x08008089   Thumb Code    22  retarget.o(i.fputc)
    frexp                                    0x080080a1   Thumb Code    80  frexp.o(i.frexp)
    getline_init                             0x080080f9   Thumb Code    22  getline_1.o(i.getline_init)
    getline_input                            0x0800810f   Thumb Code    76  getline_1.o(i.getline_input)
    gpgga_is                                 0x0800815d   Thumb Code    24  gpgga.o(i.gpgga_is)
    gpgga_parser                             0x0800817d   Thumb Code   406  gpgga.o(i.gpgga_parser)
    gphdt_is                                 0x08008321   Thumb Code    48  gphdt.o(i.gphdt_is)
    gphdt_parser                             0x08008369   Thumb Code   112  gphdt.o(i.gphdt_parser)
    gpio_cfg                                 0x080083f1   Thumb Code    58  gpio.o(i.gpio_cfg)
    gprmc_is                                 0x08008431   Thumb Code    36  gprmc.o(i.gprmc_is)
    gprmc_parser                             0x08008465   Thumb Code   472  gprmc.o(i.gprmc_parser)
    ldexp                                    0x0800865d   Thumb Code   116  ldexp.o(i.ldexp)
    main                                     0x080086d1   Thumb Code    34  main.o(i.main)
    mode_change_check                        0x08008739   Thumb Code   140  base_ship.o(i.mode_change_check)
    nvic_cfg                                 0x080087d1   Thumb Code    24  nvic.o(i.nvic_cfg)
    parser_check_line                        0x080087e9   Thumb Code    76  parser_1.o(i.parser_check_line)
    parser_check_nmea0183                    0x08008835   Thumb Code   104  parser_1.o(i.parser_check_nmea0183)
    parser_cut_section                       0x080088a5   Thumb Code   142  parser_1.o(i.parser_cut_section)
    parser_get_checksum0183                  0x0800893d   Thumb Code    34  parser_1.o(i.parser_get_checksum0183)
    parser_str2utc                           0x0800895f   Thumb Code   158  parser_1.o(i.parser_str2utc)
    prompt_init                              0x080089fd   Thumb Code    24  prompt.o(i.prompt_init)
    psic_tra_is                              0x08008a29   Thumb Code    24  water_ship.o(i.psic_tra_is)
    psic_tra_parser                          0x08008a4d   Thumb Code   188  water_ship.o(i.psic_tra_parser)
    recognition_mode                         0x08008b15   Thumb Code   138  ship.o(i.recognition_mode)
    recv_telecontroller_information          0x08008bd9   Thumb Code   490  base_ship.o(i.recv_telecontroller_information)
    self_control_init                        0x08008e39   Thumb Code     8  water_ship.o(i.self_control_init)
    self_ctrl_gps                            0x08008e41   Thumb Code    16  water_ship.o(i.self_ctrl_gps)
    self_tracking                            0x08008e51   Thumb Code    40  water_ship.o(i.self_tracking)
    ship_check_line                          0x08008e7d   Thumb Code   134  ship.o(i.ship_check_line)
    ship_code_running                        0x08008f09   Thumb Code    28  ship.o(i.ship_code_running)
    ship_init                                0x08008f29   Thumb Code    50  ship.o(i.ship_init)
    ship_line                                0x08008f85   Thumb Code   384  ship.o(i.ship_line)
    ship_motor_control                       0x08009195   Thumb Code    22  water_ship.o(i.ship_motor_control)
    ship_output_vsapid                       0x080092a1   Thumb Code    64  water_ship.o(i.ship_output_vsapid)
    ship_output_vscbs                        0x080092f9   Thumb Code    84  water_ship.o(i.ship_output_vscbs)
    ship_self_line                           0x08009371   Thumb Code    16  ship.o(i.ship_self_line)
    sin                                      0x08009381   Thumb Code   150  sin.o(i.sin)
    smc_is                                   0x08009421   Thumb Code    24  water_ship.o(i.smc_is)
    smc_parser                               0x08009441   Thumb Code   124  water_ship.o(i.smc_parser)
    sqrt                                     0x080094c5   Thumb Code    76  sqrt.o(i.sqrt)
    string_split_init                        0x08009511   Thumb Code    22  string-split.o(i.string_split_init)
    strtod                                   0x08009527   Thumb Code    28  strtod.o(i.strtod)
    tan                                      0x08009545   Thumb Code    90  tan.o(i.tan)
    time_nowMs                               0x080095a9   Thumb Code    46  time.o(i.time_nowMs)
    time_nowUs                               0x080095dd   Thumb Code    60  time.o(i.time_nowUs)
    time_pwm_init                            0x0800961d   Thumb Code   210  time.o(i.time_pwm_init)
    time_waitMs                              0x0800970d   Thumb Code    18  time.o(i.time_waitMs)
    time_waitUs                              0x0800971f   Thumb Code    36  time.o(i.time_waitUs)
    turn_corner_change                       0x08009745   Thumb Code    18  base_ship.o(i.turn_corner_change)
    uart1_init                               0x0800975d   Thumb Code   204  uart1.o(i.uart1_init)
    uart1_readReceiveBuffer                  0x08009835   Thumb Code   116  uart1.o(i.uart1_readReceiveBuffer)
    uart1_receiveValidBufferSize             0x080098e5   Thumb Code    40  uart1.o(i.uart1_receiveValidBufferSize)
    uart1_transmit                           0x08009911   Thumb Code   154  uart1.o(i.uart1_transmit)
    uart3_init                               0x08009ad9   Thumb Code   206  uart3.o(i.uart3_init)
    uart3_readReceiveBuffer                  0x08009bb5   Thumb Code   116  uart3.o(i.uart3_readReceiveBuffer)
    uart3_receiveValidBufferSize             0x08009c65   Thumb Code    40  uart3.o(i.uart3_receiveValidBufferSize)
    uart3_transmit                           0x08009c91   Thumb Code   154  uart3.o(i.uart3_transmit)
    vessel_code                              0x08009dc5   Thumb Code    22  ship.o(i.vessel_code)
    vessel_go_code                           0x08009dfd   Thumb Code   216  water_ship.o(i.vessel_go_code)
    vessel_mode_init                         0x08009f0d   Thumb Code     8  water_ship.o(i.vessel_mode_init)
    vsapid_is                                0x08009f15   Thumb Code    24  base_ship.o(i.vsapid_is)
    vsapid_parser                            0x08009f39   Thumb Code    70  base_ship.o(i.vsapid_parser)
    vscbs_is                                 0x08009fa9   Thumb Code    24  base_ship.o(i.vscbs_is)
    vscbs_parser                             0x08009fc9   Thumb Code   156  base_ship.o(i.vscbs_parser)
    vspid_is                                 0x0800a08d   Thumb Code    24  water_ship.o(i.vspid_is)
    vspid_parser                             0x0800a0ad   Thumb Code   198  water_ship.o(i.vspid_parser)
    _get_lc_ctype                            0x0800a17d   Thumb Code    44  lc_ctype_c.o(locale$$code)
    _get_lc_numeric                          0x0800a1a9   Thumb Code    44  lc_numeric_c.o(locale$$code)
    __aeabi_d2f                              0x0800a1d5   Thumb Code     0  d2f.o(x$fpl$d2f)
    _d2f                                     0x0800a1d5   Thumb Code    98  d2f.o(x$fpl$d2f)
    __aeabi_dadd                             0x0800a239   Thumb Code     0  daddsub_clz.o(x$fpl$dadd)
    _dadd                                    0x0800a239   Thumb Code   332  daddsub_clz.o(x$fpl$dadd)
    __fpl_dcheck_NaN1                        0x0800a389   Thumb Code    10  dcheck1.o(x$fpl$dcheck1)
    __fpl_dcmp_Inf                           0x0800a399   Thumb Code    24  dcmpi.o(x$fpl$dcmpinf)
    __aeabi_ddiv                             0x0800a3b1   Thumb Code     0  ddiv.o(x$fpl$ddiv)
    _ddiv                                    0x0800a3b1   Thumb Code   552  ddiv.o(x$fpl$ddiv)
    __aeabi_cdcmpeq                          0x0800a661   Thumb Code     0  deqf.o(x$fpl$deqf)
    _dcmpeq                                  0x0800a661   Thumb Code   120  deqf.o(x$fpl$deqf)
    __aeabi_d2iz                             0x0800a6d9   Thumb Code     0  dfix.o(x$fpl$dfix)
    _dfix                                    0x0800a6d9   Thumb Code    94  dfix.o(x$fpl$dfix)
    __aeabi_i2d                              0x0800a737   Thumb Code     0  dflt_clz.o(x$fpl$dflt)
    _dflt                                    0x0800a737   Thumb Code    46  dflt_clz.o(x$fpl$dflt)
    __aeabi_ui2d                             0x0800a765   Thumb Code     0  dflt_clz.o(x$fpl$dfltu)
    _dfltu                                   0x0800a765   Thumb Code    38  dflt_clz.o(x$fpl$dfltu)
    __aeabi_cdcmple                          0x0800a78d   Thumb Code     0  dleqf.o(x$fpl$dleqf)
    _dcmple                                  0x0800a78d   Thumb Code   120  dleqf.o(x$fpl$dleqf)
    __fpl_dcmple_InfNaN                      0x0800a7ef   Thumb Code     0  dleqf.o(x$fpl$dleqf)
    __aeabi_dmul                             0x0800a805   Thumb Code     0  dmul.o(x$fpl$dmul)
    _dmul                                    0x0800a805   Thumb Code   332  dmul.o(x$fpl$dmul)
    __fpl_dnaninf                            0x0800a959   Thumb Code   156  dnaninf.o(x$fpl$dnaninf)
    __fpl_dretinf                            0x0800a9f5   Thumb Code    12  dretinf.o(x$fpl$dretinf)
    __aeabi_cdrcmple                         0x0800aa01   Thumb Code     0  drleqf.o(x$fpl$drleqf)
    _drcmple                                 0x0800aa01   Thumb Code   108  drleqf.o(x$fpl$drleqf)
    __aeabi_drsub                            0x0800aa6d   Thumb Code     0  daddsub_clz.o(x$fpl$drsb)
    _drsb                                    0x0800aa6d   Thumb Code    22  daddsub_clz.o(x$fpl$drsb)
    _dsqrt                                   0x0800aa85   Thumb Code   456  dsqrt_noumaal.o(x$fpl$dsqrt)
    __aeabi_dsub                             0x0800ac51   Thumb Code     0  daddsub_clz.o(x$fpl$dsub)
    _dsub                                    0x0800ac51   Thumb Code   464  daddsub_clz.o(x$fpl$dsub)
    __aeabi_f2d                              0x0800ae25   Thumb Code     0  f2d.o(x$fpl$f2d)
    _f2d                                     0x0800ae25   Thumb Code    86  f2d.o(x$fpl$f2d)
    __aeabi_fadd                             0x0800ae7d   Thumb Code     0  faddsub_clz.o(x$fpl$fadd)
    _fadd                                    0x0800ae7d   Thumb Code   196  faddsub_clz.o(x$fpl$fadd)
    __fpl_fcmp_Inf                           0x0800af41   Thumb Code    24  fcmpi.o(x$fpl$fcmpinf)
    __aeabi_fdiv                             0x0800af59   Thumb Code     0  fdiv.o(x$fpl$fdiv)
    _fdiv                                    0x0800af59   Thumb Code   384  fdiv.o(x$fpl$fdiv)
    __aeabi_f2iz                             0x0800b0dd   Thumb Code     0  ffix.o(x$fpl$ffix)
    _ffix                                    0x0800b0dd   Thumb Code    54  ffix.o(x$fpl$ffix)
    __aeabi_ui2f                             0x0800b115   Thumb Code     0  fflt_clz.o(x$fpl$ffltu)
    _ffltu                                   0x0800b115   Thumb Code    38  fflt_clz.o(x$fpl$ffltu)
    __aeabi_cfcmple                          0x0800b13d   Thumb Code     0  fleqf.o(x$fpl$fleqf)
    _fcmple                                  0x0800b13d   Thumb Code   104  fleqf.o(x$fpl$fleqf)
    __fpl_fcmple_InfNaN                      0x0800b18f   Thumb Code     0  fleqf.o(x$fpl$fleqf)
    __aeabi_fmul                             0x0800b1a5   Thumb Code     0  fmul.o(x$fpl$fmul)
    _fmul                                    0x0800b1a5   Thumb Code   258  fmul.o(x$fpl$fmul)
    __fpl_fnaninf                            0x0800b2a7   Thumb Code   140  fnaninf.o(x$fpl$fnaninf)
    __fpl_fretinf                            0x0800b333   Thumb Code    10  fretinf.o(x$fpl$fretinf)
    __aeabi_cfrcmple                         0x0800b33d   Thumb Code     0  frleqf.o(x$fpl$frleqf)
    _frcmple                                 0x0800b33d   Thumb Code    98  frleqf.o(x$fpl$frleqf)
    __aeabi_fsub                             0x0800b3a1   Thumb Code     0  faddsub_clz.o(x$fpl$fsub)
    _fsub                                    0x0800b3a1   Thumb Code   234  faddsub_clz.o(x$fpl$fsub)
    __ieee_status                            0x0800b48b   Thumb Code     6  istatus.o(x$fpl$ieeestatus)
    _printf_fp_dec                           0x0800b491   Thumb Code     4  printf1.o(x$fpl$printf1)
    __fpl_return_NaN                         0x0800b495   Thumb Code   100  retnan.o(x$fpl$retnan)
    __ARM_scalbn                             0x0800b4f9   Thumb Code    92  scalbn.o(x$fpl$scalbn)
    _scanf_real                              0x0800b555   Thumb Code     4  scanf1.o(x$fpl$scanf1)
    _scanf_hex_real                          0x0800b559   Thumb Code     4  scanf2.o(x$fpl$scanf2)
    _scanf_infnan                            0x0800b55d   Thumb Code     4  scanf2.o(x$fpl$scanf2)
    __fpl_cmpreturn                          0x0800b561   Thumb Code    48  trapv.o(x$fpl$trapveneer)
    __I$use$fp                               0x0800b590   Number         0  usenofp.o(x$fpl$usenofp)
    __mathlib_zero                           0x0800b698   Data           8  qnan.o(.constdata)
    __stdin_name                             0x0800b884   Data           4  sys_io.o(.constdata)
    __stdout_name                            0x0800b888   Data           4  sys_io.o(.constdata)
    __stderr_name                            0x0800b88c   Data           4  sys_io.o(.constdata)
    Region$$Table$$Base                      0x0800b9c0   Number         0  anon$$obj.o(Region$$Table)
    Region$$Table$$Limit                     0x0800b9e0   Number         0  anon$$obj.o(Region$$Table)
    __aeabi_HUGE_VAL                         0x0800b9e0   Data           0  fpconst.o(c$$dinf)
    __aeabi_HUGE_VALL                        0x0800b9e0   Data           0  fpconst.o(c$$dinf)
    __aeabi_INFINITY                         0x0800b9e0   Data           0  fpconst.o(c$$dinf)
    __dInf                                   0x0800b9e0   Data           0  fpconst.o(c$$dinf)
    __huge_val                               0x0800b9e0   Data           0  fpconst.o(c$$dinf)
    __dbl_max                                0x0800b9e8   Data           0  fpconst.o(c$$dmax)
    __ctype                                  0x0800b9fd   Data           0  lc_ctype_c.o(locale$$data)
    BASE_FLAG                                0x20000001   Data           1  base_ship.o(.data)
    BASE_MODE_CHANGE_FLAG                    0x20000002   Data           1  base_ship.o(.data)
    RECOGNITION_MODE_FLAG                    0x20000020   Data           4  ship.o(.data)
    dblX0                                    0x20000048   Data           8  targetctrl.o(.data)
    dblY0                                    0x20000050   Data           8  targetctrl.o(.data)
    dblX1                                    0x20000058   Data           8  targetctrl.o(.data)
    dblY1                                    0x20000060   Data           8  targetctrl.o(.data)
    dblX                                     0x20000068   Data           8  targetctrl.o(.data)
    dblY                                     0x20000070   Data           8  targetctrl.o(.data)
    dblYaw0                                  0x20000078   Data           8  targetctrl.o(.data)
    dblYaw0_Last                             0x20000080   Data           8  targetctrl.o(.data)
    dlbR                                     0x20000088   Data           8  targetctrl.o(.data)
    dlbRAngle                                0x20000090   Data           8  targetctrl.o(.data)
    dblPointAngle                            0x20000098   Data           8  targetctrl.o(.data)
    dblX00                                   0x200000a0   Data           8  targetctrl.o(.data)
    dblY00                                   0x200000a8   Data           8  targetctrl.o(.data)
    dblLatStart                              0x200000b0   Data           8  targetctrl.o(.data)
    dblLonStart                              0x200000b8   Data           8  targetctrl.o(.data)
    dblLatDest                               0x200000c0   Data           8  targetctrl.o(.data)
    dblLonDest                               0x200000c8   Data           8  targetctrl.o(.data)
    dblLatStart_next                         0x200000d0   Data           8  targetctrl.o(.data)
    dblLonStart_next                         0x200000d8   Data           8  targetctrl.o(.data)
    dblLatDest_next                          0x200000e0   Data           8  targetctrl.o(.data)
    dblLonDest_next                          0x200000e8   Data           8  targetctrl.o(.data)
    gl_dblDistYawError                       0x200000f0   Data           8  targetctrl.o(.data)
    gl_dblDist2NextPt                        0x200000f8   Data           8  targetctrl.o(.data)
    gl_dblStart2NextPt                       0x20000100   Data           8  targetctrl.o(.data)
    ucAutoHov                                0x20000108   Data           1  targetctrl.o(.data)
    ucAutoHov_Last                           0x20000109   Data           1  targetctrl.o(.data)
    ncount                                   0x2000010c   Data           4  targetctrl.o(.data)
    gl_dblYaw0                               0x20000110   Data           8  targetctrl.o(.data)
    gl_dblYawCutLine                         0x20000118   Data           8  targetctrl.o(.data)
    gl_dblCutLineAngle                       0x20000120   Data           8  targetctrl.o(.data)
    gl_dblCutLineAngleControl                0x20000128   Data           8  targetctrl.o(.data)
    gl_dblLockYaw_Kp                         0x20000130   Data           8  targetctrl.o(.data)
    gl_dblLockYaw_Ki                         0x20000138   Data           8  targetctrl.o(.data)
    gl_dblLockYaw_Kd                         0x20000140   Data           8  targetctrl.o(.data)
    gl_dblTurning_Kp                         0x20000148   Data           8  targetctrl.o(.data)
    gl_dblTurning_Ki                         0x20000150   Data           8  targetctrl.o(.data)
    gl_dblTurning_Kd                         0x20000158   Data           8  targetctrl.o(.data)
    gl_dblYawDis_Kp                          0x20000160   Data           8  targetctrl.o(.data)
    gl_dblYawDis_Ki                          0x20000168   Data           8  targetctrl.o(.data)
    gl_dblYawDis_Kd                          0x20000170   Data           8  targetctrl.o(.data)
    gl_dblSpeed_Kp                           0x20000178   Data           8  targetctrl.o(.data)
    gl_dblSpeed_Ki                           0x20000180   Data           8  targetctrl.o(.data)
    gl_dblSpeed_Kd                           0x20000188   Data           8  targetctrl.o(.data)
    gl_dblRatio                              0x20000190   Data           8  targetctrl.o(.data)
    gl_dblSetSpeed                           0x20000198   Data           8  targetctrl.o(.data)
    gl_dblLockYaw                            0x200001a0   Data           8  targetctrl.o(.data)
    gl_dblLockYaw_a                          0x200001a8   Data           8  targetctrl.o(.data)
    gl_dblLockYaw_T                          0x200001b0   Data           8  targetctrl.o(.data)
    gl_dblSpeedDownLine                      0x200001b8   Data           8  targetctrl.o(.data)
    gl_dblTurnRadius                         0x200001c0   Data           8  targetctrl.o(.data)
    gl_dblSetTurnTime                        0x200001c8   Data           8  targetctrl.o(.data)
    gl_dblPos_Kp                             0x200001d0   Data           8  targetctrl.o(.data)
    gl_dblPos_Ki                             0x200001d8   Data           8  targetctrl.o(.data)
    gl_dblPos_Kd                             0x200001e0   Data           8  targetctrl.o(.data)
    gl_dblDiffMotorRatio                     0x200001e8   Data           8  targetctrl.o(.data)
    dt                                       0x200001f0   Data           8  targetctrl.o(.data)
    gl_unAutoFlag                            0x200001f8   Data           1  targetctrl.o(.data)
    gl_unPointAll                            0x200001f9   Data           1  targetctrl.o(.data)
    gl_unFunctionCode                        0x200001fa   Data           1  targetctrl.o(.data)
    gl_unFlyMode_SET                         0x200001fb   Data           1  targetctrl.o(.data)
    gl_unCTRLPARA_SET                        0x200001fc   Data           1  targetctrl.o(.data)
    gl_unTurningFlag                         0x200001fd   Data           1  targetctrl.o(.data)
    gl_unSpeedDownFlag                       0x200001fe   Data           1  targetctrl.o(.data)
    gl_unTargetReachFlag                     0x200001ff   Data           1  targetctrl.o(.data)
    gl_unCtrlState                           0x20000200   Data           1  targetctrl.o(.data)
    gl_unLockState                           0x20000201   Data           1  targetctrl.o(.data)
    gl_fPitch                                0x20000204   Data           4  targetctrl.o(.data)
    gl_fRoll                                 0x20000208   Data           4  targetctrl.o(.data)
    gl_fYaw                                  0x2000020c   Data           4  targetctrl.o(.data)
    gl_fYaw_1                                0x20000210   Data           4  targetctrl.o(.data)
    gl_fYawLast                              0x20000214   Data           4  targetctrl.o(.data)
    gl_fPitchRate                            0x20000218   Data           4  targetctrl.o(.data)
    gl_fRollRate                             0x2000021c   Data           4  targetctrl.o(.data)
    gl_fYawRate                              0x20000220   Data           4  targetctrl.o(.data)
    gl_fMagYaw                               0x20000224   Data           4  targetctrl.o(.data)
    gl_fAccZ_Earth_Filter                    0x20000228   Data           4  targetctrl.o(.data)
    fAccX_Earth                              0x2000022c   Data           4  targetctrl.o(.data)
    fAccY_Earth                              0x20000230   Data           4  targetctrl.o(.data)
    fAccZ_kjEarth                            0x20000234   Data           4  targetctrl.o(.data)
    gl_dblLon0                               0x20000238   Data           8  targetctrl.o(.data)
    gl_dblLat0                               0x20000240   Data           8  targetctrl.o(.data)
    gl_LeftMotorControl                      0x20000248   Data           8  targetctrl.o(.data)
    gl_RightMotorControl                     0x20000250   Data           8  targetctrl.o(.data)
    gl_MFCLeftMotorControl                   0x20000258   Data           8  targetctrl.o(.data)
    gl_MFCRightMotorControl                  0x20000260   Data           8  targetctrl.o(.data)
    RECV_SHIP_FLAG                           0x200002b8   Data           1  water_ship.o(.data)
    gl_dblTimerms                            0x200002d0   Data           8  global.o(.data)
    gl_fRollManuOper                         0x200002d8   Data           4  global.o(.data)
    gl_fPitchManuOper                        0x200002dc   Data           4  global.o(.data)
    gl_fYawManuOper                          0x200002e0   Data           4  global.o(.data)
    gl_fOilManuOper                          0x200002e4   Data           4  global.o(.data)
    gl_fLockHManuOper                        0x200002e8   Data           4  global.o(.data)
    gl_fModeManuOper                         0x200002ec   Data           4  global.o(.data)
    gl_fMotor1                               0x200002f0   Data           4  global.o(.data)
    gl_fMotor2                               0x200002f4   Data           4  global.o(.data)
    gl_fMotor3                               0x200002f8   Data           4  global.o(.data)
    gl_fMotor4                               0x200002fc   Data           4  global.o(.data)
    gl_fMotor5                               0x20000300   Data           4  global.o(.data)
    gl_fMotor6                               0x20000304   Data           4  global.o(.data)
    gl_fMotor7                               0x20000308   Data           4  global.o(.data)
    gl_fMotor8                               0x2000030c   Data           4  global.o(.data)
    gl_fAutoOilManuOper                      0x20000310   Data           4  global.o(.data)
    AutoOilIncrement                         0x20000314   Data           4  global.o(.data)
    gl_fAutoOilManuOper1                     0x20000318   Data           4  global.o(.data)
    gl_fTargetSpeed                          0x2000031c   Data           4  global.o(.data)
    gl_fSpeed                                0x20000320   Data           4  global.o(.data)
    gl_fSpeedFilter                          0x20000324   Data           4  global.o(.data)
    gl_dblDiffTime                           0x20000390   Data           8  dgps.o(.data)
    gl_dblDiffLat                            0x20000398   Data           8  dgps.o(.data)
    gl_dblDiffLon                            0x200003a0   Data           8  dgps.o(.data)
    gl_dblDiffHorSpd                         0x200003a8   Data           8  dgps.o(.data)
    gl_dblDiffTrkGnd                         0x200003b0   Data           8  dgps.o(.data)
    gl_dblDiffWHeading                       0x200003b8   Data           8  dgps.o(.data)
    gl_dblDiffWHeadingFilter                 0x200003c0   Data           8  dgps.o(.data)
    gl_dblDiffPosN                           0x200003c8   Data           8  dgps.o(.data)
    gl_dblDiffPosE                           0x200003d0   Data           8  dgps.o(.data)
    gl_dblDiffHeight                         0x200003d8   Data           8  dgps.o(.data)
    gl_dblDiffVeloN                          0x200003e0   Data           8  dgps.o(.data)
    gl_dblDiffVeloE                          0x200003e8   Data           8  dgps.o(.data)
    gl_dblDiffVeloU                          0x200003f0   Data           8  dgps.o(.data)
    gl_dblDiffLatControl                     0x200003f8   Data           8  dgps.o(.data)
    gl_dblDiffLonControl                     0x20000400   Data           8  dgps.o(.data)
    gl_dblDiffLatShow                        0x20000408   Data           8  dgps.o(.data)
    gl_dblDiffLonShow                        0x20000410   Data           8  dgps.o(.data)
    gl_dblDiffUTC                            0x20000418   Data           8  dgps.o(.data)
    gl_dblDiffHeading                        0x20000420   Data           8  dgps.o(.data)
    gl_dblDiffRoll                           0x20000428   Data           8  dgps.o(.data)
    gl_dblDiffPitch                          0x20000430   Data           8  dgps.o(.data)
    gl_dblDiffState                          0x20000438   Data           8  dgps.o(.data)
    gl_dblDiffSeeSat                         0x20000440   Data           8  dgps.o(.data)
    gl_dblDiffDelay                          0x20000448   Data           8  dgps.o(.data)
    gl_dblPosE                               0x20000470   Data           8  dgps.o(.data)
    gl_dblPosN                               0x20000478   Data           8  dgps.o(.data)
    SystemCoreClock                          0x20000498   Data           4  time.o(.data)
    CCR1_Val                                 0x2000049c   Data           2  time.o(.data)
    CCR2_Val                                 0x2000049e   Data           2  time.o(.data)
    CCR3_Val                                 0x200004a0   Data           2  time.o(.data)
    CCR4_Val                                 0x200004a2   Data           2  time.o(.data)
    PWM_time0                                0x200004a4   Data           4  gpio.o(.data)
    PWM_time1                                0x200004a8   Data           4  gpio.o(.data)
    PWM_time2                                0x200004ac   Data           4  gpio.o(.data)
    PWM_time3                                0x200004b0   Data           4  gpio.o(.data)
    __aeabi_stdin                            0x200004c8   Data           4  stdio_streams.o(.data)
    __aeabi_stdout                           0x200004cc   Data           4  stdio_streams.o(.data)
    __aeabi_stderr                           0x200004d0   Data           4  stdio_streams.o(.data)
    ship_data_usart                          0x200004f0   Data          24  ship.o(.bss)
    gl_dblLonD                               0x200005e0   Data         800  targetctrl.o(.bss)
    gl_dblLatD                               0x20000900   Data         800  targetctrl.o(.bss)
    myPIDHeadingControl                      0x20000c20   Data          80  targetctrl.o(.bss)
    myPIDTrackControl                        0x20000c70   Data          80  targetctrl.o(.bss)
    myPIDSpeedControl                        0x20000cc0   Data          80  targetctrl.o(.bss)
    myPIDPosControl                          0x20000d10   Data          80  targetctrl.o(.bss)
    g_parser_print_buffer                    0x20001b50   Data        1024  parser_1.o(.bss)
    g_gnss                                   0x20001f50   Data         496  com.o(.bss)
    __stdin                                  0x20004328   Data          84  stdio_streams.o(.bss)
    __stdout                                 0x2000437c   Data          84  stdio_streams.o(.bss)
    __stderr                                 0x200043d0   Data          84  stdio_streams.o(.bss)
    __libspace_start                         0x20004424   Data          96  libspace.o(.bss)
    __temporary_stack_top$libspace           0x20004484   Data           0  libspace.o(.bss)



==============================================================================

Memory Map of the image

  Image Entry point : 0x08000131

  Load Region LR_IROM1 (Base: 0x08000000, Size: 0x0000bff0, Max: 0x00020000, ABSOLUTE, COMPRESSED[0x0000bb84])

    Execution Region ER_IROM1 (Exec base: 0x08000000, Load base: 0x08000000, Size: 0x0000bb1c, Max: 0x00020000, ABSOLUTE)

    Exec Addr    Load Addr    Size         Type   Attr      Idx    E Section Name        Object

    0x08000000   0x08000000   0x00000130   Data   RO         3346    RESET               startup_stm32f10x_hd.o
    0x08000130   0x08000130   0x00000008   Code   RO         3446  * !!!main             c_w.l(__main.o)
    0x08000138   0x08000138   0x00000034   Code   RO         4063    !!!scatter          c_w.l(__scatter.o)
    0x0800016c   0x0800016c   0x0000005a   Code   RO         4061    !!dczerorl2         c_w.l(__dczerorl2.o)
    0x080001c6   0x080001c6   0x00000002   PAD
    0x080001c8   0x080001c8   0x0000001c   Code   RO         4065    !!handler_zi        c_w.l(__scatter_zi.o)
    0x080001e4   0x080001e4   0x00000000   Code   RO         3419    .ARM.Collect$$_printf_percent$$00000000  c_w.l(_printf_percent.o)
    0x080001e4   0x080001e4   0x00000006   Code   RO         3418    .ARM.Collect$$_printf_percent$$00000003  c_w.l(_printf_f.o)
    0x080001ea   0x080001ea   0x00000006   Code   RO         3417    .ARM.Collect$$_printf_percent$$00000009  c_w.l(_printf_d.o)
    0x080001f0   0x080001f0   0x00000006   Code   RO         3416    .ARM.Collect$$_printf_percent$$0000000C  c_w.l(_printf_x.o)
    0x080001f6   0x080001f6   0x00000006   Code   RO         3415    .ARM.Collect$$_printf_percent$$00000014  c_w.l(_printf_s.o)
    0x080001fc   0x080001fc   0x00000004   Code   RO         3594    .ARM.Collect$$_printf_percent$$00000017  c_w.l(_printf_percent_end.o)
    0x08000200   0x08000200   0x00000002   Code   RO         3838    .ARM.Collect$$libinit$$00000000  c_w.l(libinit.o)
    0x08000202   0x08000202   0x00000000   Code   RO         3840    .ARM.Collect$$libinit$$00000002  c_w.l(libinit2.o)
    0x08000202   0x08000202   0x00000000   Code   RO         3842    .ARM.Collect$$libinit$$00000004  c_w.l(libinit2.o)
    0x08000202   0x08000202   0x00000008   Code   RO         3843    .ARM.Collect$$libinit$$00000005  c_w.l(libinit2.o)
    0x0800020a   0x0800020a   0x00000000   Code   RO         3845    .ARM.Collect$$libinit$$0000000A  c_w.l(libinit2.o)
    0x0800020a   0x0800020a   0x00000000   Code   RO         3847    .ARM.Collect$$libinit$$0000000C  c_w.l(libinit2.o)
    0x0800020a   0x0800020a   0x00000000   Code   RO         3849    .ARM.Collect$$libinit$$0000000E  c_w.l(libinit2.o)
    0x0800020a   0x0800020a   0x00000006   Code   RO         3850    .ARM.Collect$$libinit$$0000000F  c_w.l(libinit2.o)
    0x08000210   0x08000210   0x00000000   Code   RO         3852    .ARM.Collect$$libinit$$00000011  c_w.l(libinit2.o)
    0x08000210   0x08000210   0x0000000c   Code   RO         3853    .ARM.Collect$$libinit$$00000012  c_w.l(libinit2.o)
    0x0800021c   0x0800021c   0x00000000   Code   RO         3854    .ARM.Collect$$libinit$$00000013  c_w.l(libinit2.o)
    0x0800021c   0x0800021c   0x00000000   Code   RO         3856    .ARM.Collect$$libinit$$00000015  c_w.l(libinit2.o)
    0x0800021c   0x0800021c   0x0000000a   Code   RO         3857    .ARM.Collect$$libinit$$00000016  c_w.l(libinit2.o)
    0x08000226   0x08000226   0x00000000   Code   RO         3858    .ARM.Collect$$libinit$$00000017  c_w.l(libinit2.o)
    0x08000226   0x08000226   0x00000000   Code   RO         3860    .ARM.Collect$$libinit$$00000019  c_w.l(libinit2.o)
    0x08000226   0x08000226   0x00000000   Code   RO         3862    .ARM.Collect$$libinit$$0000001B  c_w.l(libinit2.o)
    0x08000226   0x08000226   0x00000000   Code   RO         3864    .ARM.Collect$$libinit$$0000001D  c_w.l(libinit2.o)
    0x08000226   0x08000226   0x00000000   Code   RO         3866    .ARM.Collect$$libinit$$0000001F  c_w.l(libinit2.o)
    0x08000226   0x08000226   0x00000000   Code   RO         3868    .ARM.Collect$$libinit$$00000021  c_w.l(libinit2.o)
    0x08000226   0x08000226   0x00000000   Code   RO         3870    .ARM.Collect$$libinit$$00000023  c_w.l(libinit2.o)
    0x08000226   0x08000226   0x00000004   Code   RO         3871    .ARM.Collect$$libinit$$00000024  c_w.l(libinit2.o)
    0x0800022a   0x0800022a   0x00000000   Code   RO         3872    .ARM.Collect$$libinit$$00000025  c_w.l(libinit2.o)
    0x0800022a   0x0800022a   0x00000000   Code   RO         3876    .ARM.Collect$$libinit$$0000002C  c_w.l(libinit2.o)
    0x0800022a   0x0800022a   0x00000000   Code   RO         3878    .ARM.Collect$$libinit$$0000002E  c_w.l(libinit2.o)
    0x0800022a   0x0800022a   0x00000000   Code   RO         3880    .ARM.Collect$$libinit$$00000030  c_w.l(libinit2.o)
    0x0800022a   0x0800022a   0x00000000   Code   RO         3882    .ARM.Collect$$libinit$$00000032  c_w.l(libinit2.o)
    0x0800022a   0x0800022a   0x00000002   Code   RO         3883    .ARM.Collect$$libinit$$00000033  c_w.l(libinit2.o)
    0x0800022c   0x0800022c   0x00000002   Code   RO         4028    .ARM.Collect$$libshutdown$$00000000  c_w.l(libshutdown.o)
    0x0800022e   0x0800022e   0x00000000   Code   RO         3885    .ARM.Collect$$libshutdown$$00000002  c_w.l(libshutdown2.o)
    0x0800022e   0x0800022e   0x00000004   Code   RO         3886    .ARM.Collect$$libshutdown$$00000003  c_w.l(libshutdown2.o)
    0x08000232   0x08000232   0x00000000   Code   RO         3887    .ARM.Collect$$libshutdown$$00000004  c_w.l(libshutdown2.o)
    0x08000232   0x08000232   0x00000000   Code   RO         3890    .ARM.Collect$$libshutdown$$00000007  c_w.l(libshutdown2.o)
    0x08000232   0x08000232   0x00000000   Code   RO         3893    .ARM.Collect$$libshutdown$$0000000A  c_w.l(libshutdown2.o)
    0x08000232   0x08000232   0x00000000   Code   RO         3895    .ARM.Collect$$libshutdown$$0000000C  c_w.l(libshutdown2.o)
    0x08000232   0x08000232   0x00000000   Code   RO         3898    .ARM.Collect$$libshutdown$$0000000F  c_w.l(libshutdown2.o)
    0x08000232   0x08000232   0x00000002   Code   RO         3899    .ARM.Collect$$libshutdown$$00000010  c_w.l(libshutdown2.o)
    0x08000234   0x08000234   0x00000000   Code   RO         3570    .ARM.Collect$$rtentry$$00000000  c_w.l(__rtentry.o)
    0x08000234   0x08000234   0x00000000   Code   RO         3671    .ARM.Collect$$rtentry$$00000002  c_w.l(__rtentry2.o)
    0x08000234   0x08000234   0x00000006   Code   RO         3683    .ARM.Collect$$rtentry$$00000004  c_w.l(__rtentry4.o)
    0x0800023a   0x0800023a   0x00000000   Code   RO         3673    .ARM.Collect$$rtentry$$00000009  c_w.l(__rtentry2.o)
    0x0800023a   0x0800023a   0x00000004   Code   RO         3674    .ARM.Collect$$rtentry$$0000000A  c_w.l(__rtentry2.o)
    0x0800023e   0x0800023e   0x00000000   Code   RO         3676    .ARM.Collect$$rtentry$$0000000C  c_w.l(__rtentry2.o)
    0x0800023e   0x0800023e   0x00000008   Code   RO         3677    .ARM.Collect$$rtentry$$0000000D  c_w.l(__rtentry2.o)
    0x08000246   0x08000246   0x00000002   Code   RO         3905    .ARM.Collect$$rtexit$$00000000  c_w.l(rtexit.o)
    0x08000248   0x08000248   0x00000000   Code   RO         3969    .ARM.Collect$$rtexit$$00000002  c_w.l(rtexit2.o)
    0x08000248   0x08000248   0x00000004   Code   RO         3970    .ARM.Collect$$rtexit$$00000003  c_w.l(rtexit2.o)
    0x0800024c   0x0800024c   0x00000006   Code   RO         3971    .ARM.Collect$$rtexit$$00000004  c_w.l(rtexit2.o)
    0x08000252   0x08000252   0x00000002   PAD
    0x08000254   0x08000254   0x00000000   Code   RO         3975    .emb_text           c_w.l(maybetermalloc1.o)
    0x08000254   0x08000254   0x00000048   Code   RO         3347    .text               startup_stm32f10x_hd.o
    0x0800029c   0x0800029c   0x00000018   Code   RO         3354    .text               c_w.l(__2printf.o)
    0x080002b4   0x080002b4   0x0000002c   Code   RO         3356    .text               c_w.l(__2sprintf.o)
    0x080002e0   0x080002e0   0x0000004e   Code   RO         3368    .text               c_w.l(_printf_pad.o)
    0x0800032e   0x0800032e   0x00000052   Code   RO         3370    .text               c_w.l(_printf_str.o)
    0x08000380   0x08000380   0x00000078   Code   RO         3372    .text               c_w.l(_printf_dec.o)
    0x080003f8   0x080003f8   0x00000058   Code   RO         3377    .text               c_w.l(_printf_hex_int.o)
    0x08000450   0x08000450   0x00000138   Code   RO         3407    .text               c_w.l(__printf_flags_wp.o)
    0x08000588   0x08000588   0x0000003c   Code   RO         3420    .text               c_w.l(__0sscanf.o)
    0x080005c4   0x080005c4   0x0000014c   Code   RO         3422    .text               c_w.l(_scanf_int.o)
    0x08000710   0x08000710   0x0000001a   Code   RO         3426    .text               c_w.l(atoi.o)
    0x0800072a   0x0800072a   0x00000070   Code   RO         3428    .text               c_w.l(strtol.o)
    0x0800079a   0x0800079a   0x0000003e   Code   RO         3434    .text               c_w.l(strlen.o)
    0x080007d8   0x080007d8   0x00000096   Code   RO         3436    .text               c_w.l(strncmp.o)
    0x0800086e   0x0800086e   0x0000004e   Code   RO         3440    .text               c_w.l(rt_memclr_w.o)
    0x080008bc   0x080008bc   0x00000080   Code   RO         3442    .text               c_w.l(strcmpv7m.o)
    0x0800093c   0x0800093c   0x00000006   Code   RO         3444    .text               c_w.l(heapauxi.o)
    0x08000942   0x08000942   0x00000002   PAD
    0x08000944   0x08000944   0x00000010   Code   RO         3571    .text               c_w.l(rt_ctype_table.o)
    0x08000954   0x08000954   0x00000008   Code   RO         3576    .text               c_w.l(rt_errno_addr_intlibspace.o)
    0x0800095c   0x0800095c   0x00000016   Code   RO         3578    .text               c_w.l(_rserrno.o)
    0x08000972   0x08000972   0x000000b2   Code   RO         3580    .text               c_w.l(_printf_intcommon.o)
    0x08000a24   0x08000a24   0x0000041e   Code   RO         3582    .text               c_w.l(_printf_fp_dec.o)
    0x08000e42   0x08000e42   0x00000002   PAD
    0x08000e44   0x08000e44   0x00000030   Code   RO         3584    .text               c_w.l(_printf_char_common.o)
    0x08000e74   0x08000e74   0x0000000a   Code   RO         3586    .text               c_w.l(_sputc.o)
    0x08000e7e   0x08000e7e   0x0000002c   Code   RO         3590    .text               c_w.l(_printf_char.o)
    0x08000eaa   0x08000eaa   0x00000002   PAD
    0x08000eac   0x08000eac   0x00000024   Code   RO         3592    .text               c_w.l(_printf_char_file.o)
    0x08000ed0   0x08000ed0   0x0000001c   Code   RO         3595    .text               c_w.l(_chval.o)
    0x08000eec   0x08000eec   0x0000002c   Code   RO         3597    .text               c_w.l(scanf_char.o)
    0x08000f18   0x08000f18   0x00000040   Code   RO         3599    .text               c_w.l(_sgetc.o)
    0x08000f58   0x08000f58   0x0000009e   Code   RO         3601    .text               c_w.l(_strtoul.o)
    0x08000ff6   0x08000ff6   0x00000002   PAD
    0x08000ff8   0x08000ff8   0x000000a4   Code   RO         3603    .text               c_w.l(strtod.o)
    0x0800109c   0x0800109c   0x00000008   Code   RO         3667    .text               c_w.l(libspace.o)
    0x080010a4   0x080010a4   0x00000008   Code   RO         3688    .text               c_w.l(rt_locale_intlibspace.o)
    0x080010ac   0x080010ac   0x0000008a   Code   RO         3690    .text               c_w.l(lludiv10.o)
    0x08001136   0x08001136   0x00000012   Code   RO         3692    .text               c_w.l(isspace.o)
    0x08001148   0x08001148   0x00000080   Code   RO         3694    .text               c_w.l(_printf_fp_infnan.o)
    0x080011c8   0x080011c8   0x00000374   Code   RO         3698    .text               c_w.l(_scanf.o)
    0x0800153c   0x0800153c   0x000000e4   Code   RO         3700    .text               c_w.l(bigflt0.o)
    0x08001620   0x08001620   0x00000008   Code   RO         3725    .text               c_w.l(ferror.o)
    0x08001628   0x08001628   0x00000138   Code   RO         3727    .text               c_w.l(initio.o)
    0x08001760   0x08001760   0x00000066   Code   RO         3749    .text               c_w.l(sys_io.o)
    0x080017c6   0x080017c6   0x0000004a   Code   RO         3756    .text               c_w.l(sys_stackheap_outer.o)
    0x08001810   0x08001810   0x0000004e   Code   RO         3760    .text               c_w.l(h1_free.o)
    0x0800185e   0x0800185e   0x00000002   PAD
    0x08001860   0x08001860   0x000004f8   Code   RO         3814    .text               c_w.l(scanf_fp.o)
    0x08001d58   0x08001d58   0x00000046   Code   RO         3816    .text               c_w.l(setvbuf.o)
    0x08001d9e   0x08001d9e   0x00000002   PAD
    0x08001da0   0x08001da0   0x000000ec   Code   RO         3819    .text               c_w.l(fopen.o)
    0x08001e8c   0x08001e8c   0x0000004c   Code   RO         3821    .text               c_w.l(fclose.o)
    0x08001ed8   0x08001ed8   0x00000012   Code   RO         3827    .text               c_w.l(exit.o)
    0x08001eea   0x08001eea   0x0000000e   Code   RO         3829    .text               c_w.l(defsig_rtred_outer.o)
    0x08001ef8   0x08001ef8   0x00000002   Code   RO         3902    .text               c_w.l(use_no_semi.o)
    0x08001efa   0x08001efa   0x00000000   Code   RO         3904    .text               c_w.l(indicate_semi.o)
    0x08001efa   0x08001efa   0x00000002   PAD
    0x08001efc   0x08001efc   0x00000008   Code   RO         3912    .text               c_w.l(rt_heap_descriptor_intlibspace.o)
    0x08001f04   0x08001f04   0x00000004   Code   RO         3914    .text               c_w.l(hguard.o)
    0x08001f08   0x08001f08   0x0000008a   Code   RO         3916    .text               c_w.l(init_alloc.o)
    0x08001f92   0x08001f92   0x0000005e   Code   RO         3922    .text               c_w.l(h1_alloc.o)
    0x08001ff0   0x08001ff0   0x000000f8   Code   RO         3936    .text               c_w.l(fseek.o)
    0x080020e8   0x080020e8   0x000000f0   Code   RO         3938    .text               c_w.l(stdio.o)
    0x080021d8   0x080021d8   0x0000000a   Code   RO         3940    .text               c_w.l(defsig_exit.o)
    0x080021e2   0x080021e2   0x00000002   PAD
    0x080021e4   0x080021e4   0x00000034   Code   RO         3942    .text               c_w.l(defsig_rtred_inner.o)
    0x08002218   0x08002218   0x0000000c   Code   RO         3966    .text               c_w.l(sys_exit.o)
    0x08002224   0x08002224   0x0000000e   Code   RO         3977    .text               c_w.l(h1_init.o)
    0x08002232   0x08002232   0x00000034   Code   RO         3979    .text               c_w.l(h1_extend.o)
    0x08002266   0x08002266   0x00000002   PAD
    0x08002268   0x08002268   0x00000320   Code   RO         3985    .text               c_w.l(scanf_hexfp.o)
    0x08002588   0x08002588   0x00000134   Code   RO         3987    .text               c_w.l(scanf_infnan.o)
    0x080026bc   0x080026bc   0x00000042   Code   RO         3989    .text               c_w.l(ftell.o)
    0x080026fe   0x080026fe   0x00000032   Code   RO         3993    .text               c_w.l(defsig_general.o)
    0x08002730   0x08002730   0x0000000e   Code   RO         3995    .text               c_w.l(defsig_rtmem_outer.o)
    0x0800273e   0x0800273e   0x0000000e   Code   RO         4012    .text               c_w.l(sys_wrch.o)
    0x0800274c   0x0800274c   0x00000026   Code   RO         4020    .text               c_w.l(llshl.o)
    0x08002772   0x08002772   0x00000002   PAD
    0x08002774   0x08002774   0x00000050   Code   RO         4022    .text               c_w.l(defsig_rtmem_inner.o)
    0x080027c4   0x080027c4   0x0000003e   Code   RO         3703    CL$$btod_d2e        c_w.l(btod.o)
    0x08002802   0x08002802   0x00000046   Code   RO         3705    CL$$btod_d2e_denorm_low  c_w.l(btod.o)
    0x08002848   0x08002848   0x00000060   Code   RO         3704    CL$$btod_d2e_norm_op1  c_w.l(btod.o)
    0x080028a8   0x080028a8   0x00000338   Code   RO         3713    CL$$btod_div_common  c_w.l(btod.o)
    0x08002be0   0x08002be0   0x00000084   Code   RO         3711    CL$$btod_e2d        c_w.l(btod.o)
    0x08002c64   0x08002c64   0x000000dc   Code   RO         3710    CL$$btod_e2e        c_w.l(btod.o)
    0x08002d40   0x08002d40   0x0000002a   Code   RO         3707    CL$$btod_ediv       c_w.l(btod.o)
    0x08002d6a   0x08002d6a   0x0000002a   Code   RO         3709    CL$$btod_edivd      c_w.l(btod.o)
    0x08002d94   0x08002d94   0x0000002a   Code   RO         3706    CL$$btod_emul       c_w.l(btod.o)
    0x08002dbe   0x08002dbe   0x0000002a   Code   RO         3708    CL$$btod_emuld      c_w.l(btod.o)
    0x08002de8   0x08002de8   0x00000244   Code   RO         3712    CL$$btod_mult_common  c_w.l(btod.o)
    0x0800302c   0x0800302c   0x0000004c   Code   RO          377    i.AutoCtrl          targetctrl.o
    0x08003078   0x08003078   0x00000018   Code   RO          752    i.CRC8Valid         global.o
    0x08003090   0x08003090   0x000001a0   Code   RO          378    i.CalTrackHeading   targetctrl.o
    0x08003230   0x08003230   0x00000124   Code   RO          379    i.CalcDistYawError2NextWP  targetctrl.o
    0x08003354   0x08003354   0x00000128   Code   RO          381    i.CalcGrd           targetctrl.o
    0x0800347c   0x0800347c   0x0000009c   Code   RO          382    i.CtrlOutput        targetctrl.o
    0x08003518   0x08003518   0x00000050   Code   RO          753    i.DataIn360         global.o
    0x08003568   0x08003568   0x00000042   Code   RO          755    i.DblDataLimit      global.o
    0x080035aa   0x080035aa   0x00000002   PAD
    0x080035ac   0x080035ac   0x000000f4   Code   RO         1542    i.EXTI9_5_IRQHandler  gpio.o
    0x080036a0   0x080036a0   0x0000000c   Code   RO         3288    i.EXTI_ClearITPendingBit  stm32f10x_exti.o
    0x080036ac   0x080036ac   0x00000028   Code   RO         3292    i.EXTI_GetITStatus  stm32f10x_exti.o
    0x080036d4   0x080036d4   0x00000094   Code   RO         3293    i.EXTI_Init         stm32f10x_exti.o
    0x08003768   0x08003768   0x00000040   Code   RO         2140    i.GPIO_EXTILineConfig  stm32f10x_gpio.o
    0x080037a8   0x080037a8   0x00000116   Code   RO         2143    i.GPIO_Init         stm32f10x_gpio.o
    0x080038be   0x080038be   0x00000012   Code   RO         2147    i.GPIO_ReadInputDataBit  stm32f10x_gpio.o
    0x080038d0   0x080038d0   0x00000004   Code   RO         2150    i.GPIO_ResetBits    stm32f10x_gpio.o
    0x080038d4   0x080038d4   0x00000004   Code   RO         2151    i.GPIO_SetBits      stm32f10x_gpio.o
    0x080038d8   0x080038d8   0x00000010   Code   RO         2152    i.GPIO_StructInit   stm32f10x_gpio.o
    0x080038e8   0x080038e8   0x00000088   Code   RO         1543    i.GPIO_pwm_in_init  gpio.o
    0x08003970   0x08003970   0x0000002c   Code   RO         1544    i.GPIO_pwm_out_init  gpio.o
    0x0800399c   0x0800399c   0x00000078   Code   RO          383    i.Get_Speed         targetctrl.o
    0x08003a14   0x08003a14   0x000001c4   Code   RO          384    i.Get_TargetSpeed   targetctrl.o
    0x08003bd8   0x08003bd8   0x000000e0   Code   RO          385    i.GrdStationHeadingCtrlMode  targetctrl.o
    0x08003cb8   0x08003cb8   0x00000154   Code   RO          386    i.InvCalcGrd        targetctrl.o
    0x08003e0c   0x08003e0c   0x00000084   Code   RO          388    i.KalmanFilter_PosY  targetctrl.o
    0x08003e90   0x08003e90   0x00000084   Code   RO          389    i.KalmanFilter_Speed  targetctrl.o
    0x08003f14   0x08003f14   0x0000002c   Code   RO          390    i.MFCDoubleMotorCtrlMode  targetctrl.o
    0x08003f40   0x08003f40   0x00000030   Code   RO          391    i.MainCtrol         targetctrl.o
    0x08003f70   0x08003f70   0x0000002c   Code   RO          392    i.ManuDoubleMotorCtrlMode  targetctrl.o
    0x08003f9c   0x08003f9c   0x0000011c   Code   RO          393    i.ManuHeadingCtrlMode  targetctrl.o
    0x080040b8   0x080040b8   0x000000ac   Code   RO          395    i.Motor_Control     targetctrl.o
    0x08004164   0x08004164   0x00000034   Code   RO          139    i.Motor_change_max_min  base_ship.o
    0x08004198   0x08004198   0x00000070   Code   RO         3248    i.NVIC_Init         misc.o
    0x08004208   0x08004208   0x00000014   Code   RO         3249    i.NVIC_PriorityGroupConfig  misc.o
    0x0800421c   0x0800421c   0x00000014   Code   RO         3250    i.NVIC_SetVectorTable  misc.o
    0x08004230   0x08004230   0x000000bc   Code   RO          396    i.Oil_Control       targetctrl.o
    0x080042ec   0x080042ec   0x00000070   Code   RO          397    i.Parameter_Init    targetctrl.o
    0x0800435c   0x0800435c   0x000006d4   Code   RO          879    i.ParseDGPSData     dgps.o
    0x08004a30   0x08004a30   0x000000d0   Code   RO          880    i.ParseDGPSFrm      dgps.o
    0x08004b00   0x08004b00   0x00000020   Code   RO         2316    i.RCC_APB1PeriphClockCmd  stm32f10x_rcc.o
    0x08004b20   0x08004b20   0x00000020   Code   RO         2317    i.RCC_APB1PeriphResetCmd  stm32f10x_rcc.o
    0x08004b40   0x08004b40   0x00000020   Code   RO         2318    i.RCC_APB2PeriphClockCmd  stm32f10x_rcc.o
    0x08004b60   0x08004b60   0x00000020   Code   RO         2319    i.RCC_APB2PeriphResetCmd  stm32f10x_rcc.o
    0x08004b80   0x08004b80   0x000000dc   Code   RO         2326    i.RCC_GetClocksFreq  stm32f10x_rcc.o
    0x08004c5c   0x08004c5c   0x00000050   Code   RO          400    i.RouteSetting      targetctrl.o
    0x08004cac   0x08004cac   0x00000058   Code   RO          401    i.SetHeadingPID     targetctrl.o
    0x08004d04   0x08004d04   0x00000058   Code   RO          403    i.SetSpeedPID       targetctrl.o
    0x08004d5c   0x08004d5c   0x00000058   Code   RO          404    i.SetTrackPID       targetctrl.o
    0x08004db4   0x08004db4   0x000001d0   Code   RO          405    i.SpeedPID_Control  targetctrl.o
    0x08004f84   0x08004f84   0x00000100   Code   RO          406    i.Speed_Control     targetctrl.o
    0x08005084   0x08005084   0x00000014   Code   RO         1405    i.SysTick_Handler   time.o
    0x08005098   0x08005098   0x00000018   Code   RO         2521    i.TIM_ARRPreloadConfig  stm32f10x_tim.o
    0x080050b0   0x080050b0   0x00000018   Code   RO         2533    i.TIM_Cmd           stm32f10x_tim.o
    0x080050c8   0x080050c8   0x00000098   Code   RO         2562    i.TIM_OC1Init       stm32f10x_tim.o
    0x08005160   0x08005160   0x00000012   Code   RO         2565    i.TIM_OC1PreloadConfig  stm32f10x_tim.o
    0x08005172   0x08005172   0x00000002   PAD
    0x08005174   0x08005174   0x000000a4   Code   RO         2567    i.TIM_OC2Init       stm32f10x_tim.o
    0x08005218   0x08005218   0x0000001a   Code   RO         2570    i.TIM_OC2PreloadConfig  stm32f10x_tim.o
    0x08005232   0x08005232   0x00000002   PAD
    0x08005234   0x08005234   0x000000a0   Code   RO         2572    i.TIM_OC3Init       stm32f10x_tim.o
    0x080052d4   0x080052d4   0x00000012   Code   RO         2575    i.TIM_OC3PreloadConfig  stm32f10x_tim.o
    0x080052e6   0x080052e6   0x00000002   PAD
    0x080052e8   0x080052e8   0x0000007c   Code   RO         2577    i.TIM_OC4Init       stm32f10x_tim.o
    0x08005364   0x08005364   0x0000001a   Code   RO         2579    i.TIM_OC4PreloadConfig  stm32f10x_tim.o
    0x0800537e   0x0800537e   0x00000004   Code   RO         2594    i.TIM_SetCompare1   stm32f10x_tim.o
    0x08005382   0x08005382   0x00000004   Code   RO         2595    i.TIM_SetCompare2   stm32f10x_tim.o
    0x08005386   0x08005386   0x00000004   Code   RO         2596    i.TIM_SetCompare3   stm32f10x_tim.o
    0x0800538a   0x0800538a   0x00000006   Code   RO         2597    i.TIM_SetCompare4   stm32f10x_tim.o
    0x08005390   0x08005390   0x000000a4   Code   RO         2604    i.TIM_TimeBaseInit  stm32f10x_tim.o
    0x08005434   0x08005434   0x00000054   Code   RO          407    i.TargetShipCtrl    targetctrl.o
    0x08005488   0x08005488   0x00000034   Code   RO         1406    i.Time_pwm_setCompare  time.o
    0x080054bc   0x080054bc   0x00000c9c   Code   RO          408    i.TrackCtrlMode     targetctrl.o
    0x08006158   0x08006158   0x00000060   Code   RO          409    i.TrackCtrlTest     targetctrl.o
    0x080061b8   0x080061b8   0x000001d8   Code   RO          410    i.TrackPID_Control  targetctrl.o
    0x08006390   0x08006390   0x00000034   Code   RO          411    i.TrackParamSet     targetctrl.o
    0x080063c4   0x080063c4   0x0000003c   Code   RO          413    i.TurningParamSet   targetctrl.o
    0x08006400   0x08006400   0x0000004c   Code   RO         1636    i.USART1_IRQHandler  uart1.o
    0x0800644c   0x0800644c   0x0000004c   Code   RO         1694    i.USART2_IRQHandler  uart2.o
    0x08006498   0x08006498   0x0000004c   Code   RO         1755    i.USART3_IRQHandler  uart3.o
    0x080064e4   0x080064e4   0x00000012   Code   RO         3065    i.USART_ClearFlag   stm32f10x_usart.o
    0x080064f6   0x080064f6   0x00000018   Code   RO         3069    i.USART_Cmd         stm32f10x_usart.o
    0x0800650e   0x0800650e   0x00000002   PAD
    0x08006510   0x08006510   0x0000009c   Code   RO         3071    i.USART_DeInit      stm32f10x_usart.o
    0x080065ac   0x080065ac   0x0000001a   Code   RO         3072    i.USART_GetFlagStatus  stm32f10x_usart.o
    0x080065c6   0x080065c6   0x0000004a   Code   RO         3075    i.USART_ITConfig    stm32f10x_usart.o
    0x08006610   0x08006610   0x000000d8   Code   RO         3076    i.USART_Init        stm32f10x_usart.o
    0x080066e8   0x080066e8   0x0000000a   Code   RO         3083    i.USART_ReceiveData  stm32f10x_usart.o
    0x080066f2   0x080066f2   0x00000008   Code   RO         3086    i.USART_SendData    stm32f10x_usart.o
    0x080066fa   0x080066fa   0x00000018   Code   RO         3092    i.USART_StructInit  stm32f10x_usart.o
    0x08006712   0x08006712   0x00000002   PAD
    0x08006714   0x08006714   0x000001bc   Code   RO          881    i.WPS84_XY          dgps.o
    0x080068d0   0x080068d0   0x00000224   Code   RO          414    i.XyToHeading       targetctrl.o
    0x08006af4   0x08006af4   0x00000094   Code   RO          765    i.Yaw180            global.o
    0x08006b88   0x08006b88   0x000001a4   Code   RO          415    i.YawPID_Control    targetctrl.o
    0x08006d2c   0x08006d2c   0x00000028   Code   RO         3645    i.__ARM_fpclassify  m_ws.l(fpclassify.o)
    0x08006d54   0x08006d54   0x00000388   Code   RO         3650    i.__ieee754_rem_pio2  m_ws.l(rred.o)
    0x080070dc   0x080070dc   0x000000fc   Code   RO         3628    i.__kernel_cos      m_ws.l(cos_i.o)
    0x080071d8   0x080071d8   0x000000aa   Code   RO         3647    i.__kernel_poly     m_ws.l(poly.o)
    0x08007282   0x08007282   0x00000002   PAD
    0x08007284   0x08007284   0x000000ec   Code   RO         3655    i.__kernel_sin      m_ws.l(sin_i.o)
    0x08007370   0x08007370   0x0000027c   Code   RO         3661    i.__kernel_tan      m_ws.l(tan_i.o)
    0x080075ec   0x080075ec   0x00000006   Code   RO         3632    i.__mathlib_dbl_infnan  m_ws.l(dunder.o)
    0x080075f2   0x080075f2   0x00000004   Code   RO         3633    i.__mathlib_dbl_infnan2  m_ws.l(dunder.o)
    0x080075f6   0x080075f6   0x0000000c   Code   RO         3634    i.__mathlib_dbl_invalid  m_ws.l(dunder.o)
    0x08007602   0x08007602   0x0000000e   Code   RO         3635    i.__mathlib_dbl_overflow  m_ws.l(dunder.o)
    0x08007610   0x08007610   0x00000010   Code   RO         3637    i.__mathlib_dbl_underflow  m_ws.l(dunder.o)
    0x08007620   0x08007620   0x00000010   Code   RO         3960    i.__mathlib_narrow  m_ws.l(narrow.o)
    0x08007630   0x08007630   0x000000bc   Code   RO         3961    i.__mathlib_tofloat  m_ws.l(narrow.o)
    0x080076ec   0x080076ec   0x00000006   Code   RO         1408    i.__set_PRIMASK     time.o
    0x080076f2   0x080076f2   0x00000016   Code   RO         4030    i.__support_ldexp   m_ws.l(ldexp.o)
    0x08007708   0x08007708   0x0000000e   Code   RO         3405    i._is_digit         c_w.l(__printf_wp.o)
    0x08007716   0x08007716   0x00000002   PAD
    0x08007718   0x08007718   0x00000220   Code   RO         3509    i.atan              m_ws.l(atan.o)
    0x08007938   0x08007938   0x00000180   Code   RO         3519    i.atan2             m_ws.l(atan2.o)
    0x08007ab8   0x08007ab8   0x0000002a   Code   RO         3527    i.atof              m_ws.l(atof.o)
    0x08007ae2   0x08007ae2   0x00000002   PAD
    0x08007ae4   0x08007ae4   0x0000004c   Code   RO          292    i.base_change_to_vessel_code  ship.o
    0x08007b30   0x08007b30   0x00000034   Code   RO          293    i.base_code         ship.o
    0x08007b64   0x08007b64   0x00000164   Code   RO          140    i.base_mode_init    base_ship.o
    0x08007cc8   0x08007cc8   0x00000010   Code   RO          141    i.base_read_remote_controllor  base_ship.o
    0x08007cd8   0x08007cd8   0x00000014   Code   RO         1312    i.bsp_init          bsp.o
    0x08007cec   0x08007cec   0x00000020   Code   RO          640    i.bsvsc_is          water_ship.o
    0x08007d0c   0x08007d0c   0x00000080   Code   RO          641    i.bsvsc_parser      water_ship.o
    0x08007d8c   0x08007d8c   0x00000028   Code   RO          142    i.change_max_min    base_ship.o
    0x08007db4   0x08007db4   0x0000004c   Code   RO          294    i.code_runing_led   ship.o
    0x08007e00   0x08007e00   0x0000004c   Code   RO         1342    i.com_check_event   com.o
    0x08007e4c   0x08007e4c   0x0000005c   Code   RO         1343    i.com_init          com.o
    0x08007ea8   0x08007ea8   0x00000034   Code   RO         1344    i.com_on_getline_1  com.o
    0x08007edc   0x08007edc   0x00000034   Code   RO         1345    i.com_on_getline_3  com.o
    0x08007f10   0x08007f10   0x0000009c   Code   RO         3531    i.cos               m_ws.l(cos.o)
    0x08007fac   0x08007fac   0x000000dc   Code   RO         3539    i.floor             m_ws.l(floor.o)
    0x08008088   0x08008088   0x00000016   Code   RO         1582    i.fputc             retarget.o
    0x0800809e   0x0800809e   0x00000002   PAD
    0x080080a0   0x080080a0   0x00000058   Code   RO         4009    i.frexp             m_ws.l(frexp.o)
    0x080080f8   0x080080f8   0x00000016   Code   RO         1825    i.getline_init      getline_1.o
    0x0800810e   0x0800810e   0x0000004c   Code   RO         1826    i.getline_input     getline_1.o
    0x0800815a   0x0800815a   0x00000002   PAD
    0x0800815c   0x0800815c   0x00000020   Code   RO          939    i.gpgga_is          gpgga.o
    0x0800817c   0x0800817c   0x000001a4   Code   RO          940    i.gpgga_parser      gpgga.o
    0x08008320   0x08008320   0x00000048   Code   RO          981    i.gphdt_is          gphdt.o
    0x08008368   0x08008368   0x00000088   Code   RO          982    i.gphdt_parser      gphdt.o
    0x080083f0   0x080083f0   0x00000040   Code   RO         1545    i.gpio_cfg          gpio.o
    0x08008430   0x08008430   0x00000034   Code   RO         1057    i.gprmc_is          gprmc.o
    0x08008464   0x08008464   0x000001f8   Code   RO         1058    i.gprmc_parser      gprmc.o
    0x0800865c   0x0800865c   0x00000074   Code   RO         4031    i.ldexp             m_ws.l(ldexp.o)
    0x080086d0   0x080086d0   0x00000068   Code   RO            1    i.main              main.o
    0x08008738   0x08008738   0x00000098   Code   RO          143    i.mode_change_check  base_ship.o
    0x080087d0   0x080087d0   0x00000018   Code   RO         1527    i.nvic_cfg          nvic.o
    0x080087e8   0x080087e8   0x0000004c   Code   RO         1125    i.parser_check_line  parser_1.o
    0x08008834   0x08008834   0x00000070   Code   RO         1126    i.parser_check_nmea0183  parser_1.o
    0x080088a4   0x080088a4   0x00000098   Code   RO         1127    i.parser_cut_section  parser_1.o
    0x0800893c   0x0800893c   0x00000022   Code   RO         1128    i.parser_get_checksum0183  parser_1.o
    0x0800895e   0x0800895e   0x0000009e   Code   RO         1132    i.parser_str2utc    parser_1.o
    0x080089fc   0x080089fc   0x0000002c   Code   RO         1855    i.prompt_init       prompt.o
    0x08008a28   0x08008a28   0x00000024   Code   RO          642    i.psic_tra_is       water_ship.o
    0x08008a4c   0x08008a4c   0x000000c8   Code   RO          643    i.psic_tra_parser   water_ship.o
    0x08008b14   0x08008b14   0x000000c4   Code   RO          295    i.recognition_mode  ship.o
    0x08008bd8   0x08008bd8   0x00000260   Code   RO          144    i.recv_telecontroller_information  base_ship.o
    0x08008e38   0x08008e38   0x00000008   Code   RO          644    i.self_control_init  water_ship.o
    0x08008e40   0x08008e40   0x00000010   Code   RO          645    i.self_ctrl_gps     water_ship.o
    0x08008e50   0x08008e50   0x0000002c   Code   RO          646    i.self_tracking     water_ship.o
    0x08008e7c   0x08008e7c   0x0000008c   Code   RO          296    i.ship_check_line   ship.o
    0x08008f08   0x08008f08   0x00000020   Code   RO          298    i.ship_code_running  ship.o
    0x08008f28   0x08008f28   0x0000005c   Code   RO          299    i.ship_init         ship.o
    0x08008f84   0x08008f84   0x00000210   Code   RO          300    i.ship_line         ship.o
    0x08009194   0x08009194   0x00000016   Code   RO          647    i.ship_motor_control  water_ship.o
    0x080091aa   0x080091aa   0x00000002   PAD
    0x080091ac   0x080091ac   0x0000007c   Code   RO          145    i.ship_output       base_ship.o
    0x08009228   0x08009228   0x00000078   Code   RO          146    i.ship_output_bsvsc  base_ship.o
    0x080092a0   0x080092a0   0x00000058   Code   RO          648    i.ship_output_vsapid  water_ship.o
    0x080092f8   0x080092f8   0x00000078   Code   RO          649    i.ship_output_vscbs  water_ship.o
    0x08009370   0x08009370   0x00000010   Code   RO          301    i.ship_self_line    ship.o
    0x08009380   0x08009380   0x000000a0   Code   RO         3543    i.sin               m_ws.l(sin.o)
    0x08009420   0x08009420   0x00000020   Code   RO          650    i.smc_is            water_ship.o
    0x08009440   0x08009440   0x00000084   Code   RO          651    i.smc_parser        water_ship.o
    0x080094c4   0x080094c4   0x0000004c   Code   RO         3551    i.sqrt              m_ws.l(sqrt.o)
    0x08009510   0x08009510   0x00000016   Code   RO         1271    i.string_split_init  string-split.o
    0x08009526   0x08009526   0x0000001c   Code   RO         3559    i.strtod            m_ws.l(strtod.o)
    0x08009542   0x08009542   0x00000002   PAD
    0x08009544   0x08009544   0x00000064   Code   RO         3563    i.tan               m_ws.l(tan.o)
    0x080095a8   0x080095a8   0x00000034   Code   RO         1410    i.time_nowMs        time.o
    0x080095dc   0x080095dc   0x00000040   Code   RO         1411    i.time_nowUs        time.o
    0x0800961c   0x0800961c   0x000000f0   Code   RO         1412    i.time_pwm_init     time.o
    0x0800970c   0x0800970c   0x00000012   Code   RO         1413    i.time_waitMs       time.o
    0x0800971e   0x0800971e   0x00000024   Code   RO         1414    i.time_waitUs       time.o
    0x08009742   0x08009742   0x00000002   PAD
    0x08009744   0x08009744   0x00000018   Code   RO          147    i.turn_corner_change  base_ship.o
    0x0800975c   0x0800975c   0x000000d8   Code   RO         1637    i.uart1_init        uart1.o
    0x08009834   0x08009834   0x0000007c   Code   RO         1638    i.uart1_readReceiveBuffer  uart1.o
    0x080098b0   0x080098b0   0x00000034   Code   RO         1639    i.uart1_receivePushToBuffer  uart1.o
    0x080098e4   0x080098e4   0x0000002c   Code   RO         1640    i.uart1_receiveValidBufferSize  uart1.o
    0x08009910   0x08009910   0x000000a4   Code   RO         1641    i.uart1_transmit    uart1.o
    0x080099b4   0x080099b4   0x00000034   Code   RO         1642    i.uart1_transmitAByte  uart1.o
    0x080099e8   0x080099e8   0x00000030   Code   RO         1643    i.uart1_transmitBufferSizeIdle  uart1.o
    0x08009a18   0x08009a18   0x0000002c   Code   RO         1644    i.uart1_transmitBufferSizeOccupy  uart1.o
    0x08009a44   0x08009a44   0x00000034   Code   RO         1697    i.uart2_receivePushToBuffer  uart2.o
    0x08009a78   0x08009a78   0x00000034   Code   RO         1700    i.uart2_transmitAByte  uart2.o
    0x08009aac   0x08009aac   0x0000002c   Code   RO         1702    i.uart2_transmitBufferSizeOccupy  uart2.o
    0x08009ad8   0x08009ad8   0x000000dc   Code   RO         1756    i.uart3_init        uart3.o
    0x08009bb4   0x08009bb4   0x0000007c   Code   RO         1757    i.uart3_readReceiveBuffer  uart3.o
    0x08009c30   0x08009c30   0x00000034   Code   RO         1758    i.uart3_receivePushToBuffer  uart3.o
    0x08009c64   0x08009c64   0x0000002c   Code   RO         1759    i.uart3_receiveValidBufferSize  uart3.o
    0x08009c90   0x08009c90   0x000000a4   Code   RO         1760    i.uart3_transmit    uart3.o
    0x08009d34   0x08009d34   0x00000034   Code   RO         1761    i.uart3_transmitAByte  uart3.o
    0x08009d68   0x08009d68   0x00000030   Code   RO         1762    i.uart3_transmitBufferSizeIdle  uart3.o
    0x08009d98   0x08009d98   0x0000002c   Code   RO         1763    i.uart3_transmitBufferSizeOccupy  uart3.o
    0x08009dc4   0x08009dc4   0x00000038   Code   RO          302    i.vessel_code       ship.o
    0x08009dfc   0x08009dfc   0x00000110   Code   RO          652    i.vessel_go_code    water_ship.o
    0x08009f0c   0x08009f0c   0x00000008   Code   RO          653    i.vessel_mode_init  water_ship.o
    0x08009f14   0x08009f14   0x00000024   Code   RO          148    i.vsapid_is         base_ship.o
    0x08009f38   0x08009f38   0x00000070   Code   RO          149    i.vsapid_parser     base_ship.o
    0x08009fa8   0x08009fa8   0x00000020   Code   RO          150    i.vscbs_is          base_ship.o
    0x08009fc8   0x08009fc8   0x000000c4   Code   RO          151    i.vscbs_parser      base_ship.o
    0x0800a08c   0x0800a08c   0x00000020   Code   RO          654    i.vspid_is          water_ship.o
    0x0800a0ac   0x0800a0ac   0x000000d0   Code   RO          655    i.vspid_parser      water_ship.o
    0x0800a17c   0x0800a17c   0x0000002c   Code   RO         3734    locale$$code        c_w.l(lc_ctype_c.o)
    0x0800a1a8   0x0800a1a8   0x0000002c   Code   RO         3737    locale$$code        c_w.l(lc_numeric_c.o)
    0x0800a1d4   0x0800a1d4   0x00000062   Code   RO         3448    x$fpl$d2f           fz_ws.l(d2f.o)
    0x0800a236   0x0800a236   0x00000002   PAD
    0x0800a238   0x0800a238   0x00000150   Code   RO         3450    x$fpl$dadd          fz_ws.l(daddsub_clz.o)
    0x0800a388   0x0800a388   0x00000010   Code   RO         3739    x$fpl$dcheck1       fz_ws.l(dcheck1.o)
    0x0800a398   0x0800a398   0x00000018   Code   RO         3611    x$fpl$dcmpinf       fz_ws.l(dcmpi.o)
    0x0800a3b0   0x0800a3b0   0x000002b0   Code   RO         3457    x$fpl$ddiv          fz_ws.l(ddiv.o)
    0x0800a660   0x0800a660   0x00000078   Code   RO         3460    x$fpl$deqf          fz_ws.l(deqf.o)
    0x0800a6d8   0x0800a6d8   0x0000005e   Code   RO         3741    x$fpl$dfix          fz_ws.l(dfix.o)
    0x0800a736   0x0800a736   0x0000002e   Code   RO         3467    x$fpl$dflt          fz_ws.l(dflt_clz.o)
    0x0800a764   0x0800a764   0x00000026   Code   RO         3466    x$fpl$dfltu         fz_ws.l(dflt_clz.o)
    0x0800a78a   0x0800a78a   0x00000002   PAD
    0x0800a78c   0x0800a78c   0x00000078   Code   RO         3472    x$fpl$dleqf         fz_ws.l(dleqf.o)
    0x0800a804   0x0800a804   0x00000154   Code   RO         3474    x$fpl$dmul          fz_ws.l(dmul.o)
    0x0800a958   0x0800a958   0x0000009c   Code   RO         3613    x$fpl$dnaninf       fz_ws.l(dnaninf.o)
    0x0800a9f4   0x0800a9f4   0x0000000c   Code   RO         3615    x$fpl$dretinf       fz_ws.l(dretinf.o)
    0x0800aa00   0x0800aa00   0x0000006c   Code   RO         3476    x$fpl$drleqf        fz_ws.l(drleqf.o)
    0x0800aa6c   0x0800aa6c   0x00000016   Code   RO         3451    x$fpl$drsb          fz_ws.l(daddsub_clz.o)
    0x0800aa82   0x0800aa82   0x00000002   PAD
    0x0800aa84   0x0800aa84   0x000001cc   Code   RO         3617    x$fpl$dsqrt         fz_ws.l(dsqrt_noumaal.o)
    0x0800ac50   0x0800ac50   0x000001d4   Code   RO         3452    x$fpl$dsub          fz_ws.l(daddsub_clz.o)
    0x0800ae24   0x0800ae24   0x00000056   Code   RO         3478    x$fpl$f2d           fz_ws.l(f2d.o)
    0x0800ae7a   0x0800ae7a   0x00000002   PAD
    0x0800ae7c   0x0800ae7c   0x000000c4   Code   RO         3480    x$fpl$fadd          fz_ws.l(faddsub_clz.o)
    0x0800af40   0x0800af40   0x00000018   Code   RO         3619    x$fpl$fcmpinf       fz_ws.l(fcmpi.o)
    0x0800af58   0x0800af58   0x00000184   Code   RO         3487    x$fpl$fdiv          fz_ws.l(fdiv.o)
    0x0800b0dc   0x0800b0dc   0x00000036   Code   RO         3490    x$fpl$ffix          fz_ws.l(ffix.o)
    0x0800b112   0x0800b112   0x00000002   PAD
    0x0800b114   0x0800b114   0x00000026   Code   RO         3494    x$fpl$ffltu         fz_ws.l(fflt_clz.o)
    0x0800b13a   0x0800b13a   0x00000002   PAD
    0x0800b13c   0x0800b13c   0x00000068   Code   RO         3500    x$fpl$fleqf         fz_ws.l(fleqf.o)
    0x0800b1a4   0x0800b1a4   0x00000102   Code   RO         3502    x$fpl$fmul          fz_ws.l(fmul.o)
    0x0800b2a6   0x0800b2a6   0x0000008c   Code   RO         3621    x$fpl$fnaninf       fz_ws.l(fnaninf.o)
    0x0800b332   0x0800b332   0x0000000a   Code   RO         3623    x$fpl$fretinf       fz_ws.l(fretinf.o)
    0x0800b33c   0x0800b33c   0x00000062   Code   RO         3504    x$fpl$frleqf        fz_ws.l(frleqf.o)
    0x0800b39e   0x0800b39e   0x00000002   PAD
    0x0800b3a0   0x0800b3a0   0x000000ea   Code   RO         3482    x$fpl$fsub          fz_ws.l(faddsub_clz.o)
    0x0800b48a   0x0800b48a   0x00000006   Code   RO         3745    x$fpl$ieeestatus    fz_ws.l(istatus.o)
    0x0800b490   0x0800b490   0x00000004   Code   RO         3506    x$fpl$printf1       fz_ws.l(printf1.o)
    0x0800b494   0x0800b494   0x00000064   Code   RO         3900    x$fpl$retnan        fz_ws.l(retnan.o)
    0x0800b4f8   0x0800b4f8   0x0000005c   Code   RO         3625    x$fpl$scalbn        fz_ws.l(scalbn.o)
    0x0800b554   0x0800b554   0x00000004   Code   RO         3747    x$fpl$scanf1        fz_ws.l(scanf1.o)
    0x0800b558   0x0800b558   0x00000008   Code   RO         3952    x$fpl$scanf2        fz_ws.l(scanf2.o)
    0x0800b560   0x0800b560   0x00000030   Code   RO         3958    x$fpl$trapveneer    fz_ws.l(trapv.o)
    0x0800b590   0x0800b590   0x00000000   Code   RO         3627    x$fpl$usenofp       fz_ws.l(usenofp.o)
    0x0800b590   0x0800b590   0x00000028   Data   RO         3378    .constdata          c_w.l(_printf_hex_int.o)
    0x0800b5b8   0x0800b5b8   0x00000011   Data   RO         3408    .constdata          c_w.l(__printf_flags_wp.o)
    0x0800b5c9   0x0800b5c9   0x00000007   PAD
    0x0800b5d0   0x0800b5d0   0x00000098   Data   RO         3510    .constdata          m_ws.l(atan.o)
    0x0800b668   0x0800b668   0x00000030   Data   RO         3629    .constdata          m_ws.l(cos_i.o)
    0x0800b698   0x0800b698   0x00000008   Data   RO         3649    .constdata          m_ws.l(qnan.o)
    0x0800b6a0   0x0800b6a0   0x000000c8   Data   RO         3652    .constdata          m_ws.l(rred.o)
    0x0800b768   0x0800b768   0x00000028   Data   RO         3656    .constdata          m_ws.l(sin_i.o)
    0x0800b790   0x0800b790   0x00000060   Data   RO         3662    .constdata          m_ws.l(tan_i.o)
    0x0800b7f0   0x0800b7f0   0x00000094   Data   RO         3701    .constdata          c_w.l(bigflt0.o)
    0x0800b884   0x0800b884   0x00000004   Data   RO         3750    .constdata          c_w.l(sys_io.o)
    0x0800b888   0x0800b888   0x00000004   Data   RO         3751    .constdata          c_w.l(sys_io.o)
    0x0800b88c   0x0800b88c   0x00000004   Data   RO         3752    .constdata          c_w.l(sys_io.o)
    0x0800b890   0x0800b890   0x0000012e   Data   RO          153    .conststring        base_ship.o
    0x0800b9be   0x0800b9be   0x00000002   PAD
    0x0800b9c0   0x0800b9c0   0x00000020   Data   RO         4059    Region$$Table       anon$$obj.o
    0x0800b9e0   0x0800b9e0   0x00000008   Data   RO         3946    c$$dinf             fz_ws.l(fpconst.o)
    0x0800b9e8   0x0800b9e8   0x00000008   Data   RO         3949    c$$dmax             fz_ws.l(fpconst.o)
    0x0800b9f0   0x0800b9f0   0x00000110   Data   RO         3733    locale$$data        c_w.l(lc_ctype_c.o)
    0x0800bb00   0x0800bb00   0x0000001c   Data   RO         3736    locale$$data        c_w.l(lc_numeric_c.o)


    Execution Region RW_IRAM1 (Exec base: 0x20000000, Load base: 0x0800bb1c, Size: 0x00004688, Max: 0x00005000, ABSOLUTE, COMPRESSED[0x00000068])

    Exec Addr    Load Addr    Size         Type   Attr      Idx    E Section Name        Object

    0x20000000   COMPRESSED   0x00000020   Data   RW          154    .data               base_ship.o
    0x20000020   COMPRESSED   0x00000024   Data   RW          305    .data               ship.o
    0x20000044   COMPRESSED   0x00000004   PAD
    0x20000048   COMPRESSED   0x00000270   Data   RW          417    .data               targetctrl.o
    0x200002b8   COMPRESSED   0x00000014   Data   RW          656    .data               water_ship.o
    0x200002cc   COMPRESSED   0x00000004   PAD
    0x200002d0   COMPRESSED   0x00000058   Data   RW          766    .data               global.o
    0x20000328   COMPRESSED   0x00000170   Data   RW          883    .data               dgps.o
    0x20000498   COMPRESSED   0x0000000c   Data   RW         1416    .data               time.o
    0x200004a4   COMPRESSED   0x00000010   Data   RW         1547    .data               gpio.o
    0x200004b4   COMPRESSED   0x00000014   Data   RW         2346    .data               stm32f10x_rcc.o
    0x200004c8   COMPRESSED   0x00000004   Data   RW         3608    .data               c_w.l(stdio_streams.o)
    0x200004cc   COMPRESSED   0x00000004   Data   RW         3609    .data               c_w.l(stdio_streams.o)
    0x200004d0   COMPRESSED   0x00000004   Data   RW         3610    .data               c_w.l(stdio_streams.o)
    0x200004d4        -       0x00000018   Zero   RW          152    .bss                base_ship.o
    0x200004ec   COMPRESSED   0x00000004   PAD
    0x200004f0        -       0x000000f0   Zero   RW          303    .bss                ship.o
    0x200005e0        -       0x00000780   Zero   RW          416    .bss                targetctrl.o
    0x20000d60        -       0x000008f0   Zero   RW          882    .bss                dgps.o
    0x20001650        -       0x00000900   Zero   RW         1133    .bss                parser_1.o
    0x20001f50        -       0x00000620   Zero   RW         1346    .bss                com.o
    0x20002570        -       0x00000010   Zero   RW         1415    .bss                time.o
    0x20002580        -       0x00000020   Zero   RW         1546    .bss                gpio.o
    0x200025a0        -       0x00000410   Zero   RW         1645    .bss                uart1.o
    0x200029b0        -       0x00000c10   Zero   RW         1703    .bss                uart2.o
    0x200035c0        -       0x00000c10   Zero   RW         1764    .bss                uart3.o
    0x200041d0        -       0x00000158   Zero   RW         1861    .bss                prompt.o
    0x20004328        -       0x00000054   Zero   RW         3605    .bss                c_w.l(stdio_streams.o)
    0x2000437c        -       0x00000054   Zero   RW         3606    .bss                c_w.l(stdio_streams.o)
    0x200043d0        -       0x00000054   Zero   RW         3607    .bss                c_w.l(stdio_streams.o)
    0x20004424        -       0x00000060   Zero   RW         3668    .bss                c_w.l(libspace.o)
    0x20004484   COMPRESSED   0x00000004   PAD
    0x20004488        -       0x00000000   Zero   RW         3345    HEAP                startup_stm32f10x_hd.o
    0x20004488        -       0x00000200   Zero   RW         3344    STACK               startup_stm32f10x_hd.o


==============================================================================

Image component sizes


      Code (inc. data)   RO Data    RW Data    ZI Data      Debug   Object Name

      1868        420        302         32         24      26182   base_ship.o
        20          0          0          0          0        431   bsp.o
       272         46          0          0       1568       4649   com.o
      2400        312          0        368       2288       9459   dgps.o
        98          0          0          0          0       2219   getline_1.o
       318         18          0         88          0       6805   global.o
       452         22          0          0          0       2206   gpgga.o
       208         48          0          0          0       2006   gphdt.o
       488         42          0         16         32       2401   gpio.o
       556         48          0          0          0       2230   gprmc.o
       104         70          0          0          0     242411   main.o
       152         30          0          0          0       3841   misc.o
        24          0          0          0          0        411   nvic.o
       532         18          0          0       2304       4488   parser_1.o
        44         20          0          0        344       1259   prompt.o
        22          0          0          0          0        544   retarget.o
      1264        378          0         36        240       6873   ship.o
        72         26        304          0        512        908   startup_stm32f10x_hd.o
       200         18          0          0          0       4384   stm32f10x_exti.o
       384          4          0          0          0      13020   stm32f10x_gpio.o
       348         52          0         20          0      14428   stm32f10x_rcc.o
       918         92          0          0          0       9756   stm32f10x_tim.o
       556         28          0          0          0      13273   stm32f10x_usart.o
        22          0          0          0          0       1820   string-split.o
      9552       1206          0        624       1920      29856   targetctrl.o
       488         48          0         12         16      19907   time.o
       820         66          0          0       1040       5775   uart1.o
       224         26          0          0       3088       2792   uart2.o
       824         68          0          0       3088       5775   uart3.o
      1378        214          0         20          0      10592   water_ship.o

    ----------------------------------------------------------------------
     24628       3320        640       1224      16468     450701   Object Totals
         0          0         32          0          0          0   (incl. Generated)
        20          0          2          8          4          0   (incl. Padding)

    ----------------------------------------------------------------------

      Code (inc. data)   RO Data    RW Data    ZI Data      Debug   Library Member Name

        60          8          0          0          0         84   __0sscanf.o
        24          4          0          0          0         84   __2printf.o
        44          6          0          0          0         84   __2sprintf.o
        90          0          0          0          0          0   __dczerorl2.o
         8          0          0          0          0         68   __main.o
       312          4         17          0          0         92   __printf_flags_wp.o
        14          0          0          0          0         68   __printf_wp.o
         0          0          0          0          0          0   __rtentry.o
        12          0          0          0          0          0   __rtentry2.o
         6          0          0          0          0          0   __rtentry4.o
        52          8          0          0          0          0   __scatter.o
        28          0          0          0          0          0   __scatter_zi.o
        28          0          0          0          0         68   _chval.o
        44          0          0          0          0        108   _printf_char.o
        48          6          0          0          0         96   _printf_char_common.o
        36          4          0          0          0         80   _printf_char_file.o
         6          0          0          0          0          0   _printf_d.o
       120         16          0          0          0         92   _printf_dec.o
         6          0          0          0          0          0   _printf_f.o
      1054          0          0          0          0        216   _printf_fp_dec.o
       128         16          0          0          0         84   _printf_fp_infnan.o
        88          4         40          0          0         88   _printf_hex_int.o
       178          0          0          0          0         88   _printf_intcommon.o
        78          0          0          0          0        108   _printf_pad.o
         0          0          0          0          0          0   _printf_percent.o
         4          0          0          0          0          0   _printf_percent_end.o
         6          0          0          0          0          0   _printf_s.o
        82          0          0          0          0         80   _printf_str.o
         6          0          0          0          0          0   _printf_x.o
        22          0          0          0          0        100   _rserrno.o
       884          6          0          0          0        100   _scanf.o
       332          0          0          0          0         96   _scanf_int.o
        64          0          0          0          0         84   _sgetc.o
        10          0          0          0          0         68   _sputc.o
       158          0          0          0          0         92   _strtoul.o
        26          0          0          0          0         80   atoi.o
       228          4        148          0          0         96   bigflt0.o
      2152        136          0          0          0        960   btod.o
        10          0          0          0          0         68   defsig_exit.o
        50          0          0          0          0         88   defsig_general.o
        80         58          0          0          0         76   defsig_rtmem_inner.o
        14          0          0          0          0         80   defsig_rtmem_outer.o
        52         38          0          0          0         76   defsig_rtred_inner.o
        14          0          0          0          0         80   defsig_rtred_outer.o
        18          0          0          0          0         80   exit.o
        76          0          0          0          0         88   fclose.o
         8          0          0          0          0         68   ferror.o
       236          4          0          0          0        128   fopen.o
       248          6          0          0          0         84   fseek.o
        66          0          0          0          0         76   ftell.o
        94          0          0          0          0         80   h1_alloc.o
        52          0          0          0          0         68   h1_extend.o
        78          0          0          0          0         80   h1_free.o
        14          0          0          0          0         84   h1_init.o
         6          0          0          0          0        152   heapauxi.o
         4          0          0          0          0        136   hguard.o
         0          0          0          0          0          0   indicate_semi.o
       138          0          0          0          0        168   init_alloc.o
       312         46          0          0          0        112   initio.o
        18          0          0          0          0         76   isspace.o
        44         10        272          0          0         76   lc_ctype_c.o
        44         10         28          0          0         76   lc_numeric_c.o
         2          0          0          0          0          0   libinit.o
        42          0          0          0          0          0   libinit2.o
         2          0          0          0          0          0   libshutdown.o
         6          0          0          0          0          0   libshutdown2.o
         8          4          0          0         96         68   libspace.o
        38          0          0          0          0         68   llshl.o
       138          0          0          0          0         80   lludiv10.o
         0          0          0          0          0          0   maybetermalloc1.o
        16          4          0          0          0         76   rt_ctype_table.o
         8          4          0          0          0         68   rt_errno_addr_intlibspace.o
         8          4          0          0          0         68   rt_heap_descriptor_intlibspace.o
         8          4          0          0          0         68   rt_locale_intlibspace.o
        78          0          0          0          0         80   rt_memclr_w.o
         2          0          0          0          0          0   rtexit.o
        10          0          0          0          0          0   rtexit2.o
        44          8          0          0          0         84   scanf_char.o
      1272         16          0          0          0        168   scanf_fp.o
       800         14          0          0          0        100   scanf_hexfp.o
       308         16          0          0          0        100   scanf_infnan.o
        70          0          0          0          0         80   setvbuf.o
       240          6          0          0          0        156   stdio.o
         0          0          0         12        252          0   stdio_streams.o
       128          0          0          0          0         68   strcmpv7m.o
        62          0          0          0          0         76   strlen.o
       150          0          0          0          0         80   strncmp.o
       164         14          0          0          0        120   strtod.o
       112          0          0          0          0         88   strtol.o
        12          4          0          0          0         68   sys_exit.o
       102          0         12          0          0        240   sys_io.o
        74          0          0          0          0         80   sys_stackheap_outer.o
        14          0          0          0          0         76   sys_wrch.o
         2          0          0          0          0         68   use_no_semi.o
        98          4          0          0          0         92   d2f.o
       826         16          0          0          0        348   daddsub_clz.o
        16          4          0          0          0         68   dcheck1.o
        24          0          0          0          0         68   dcmpi.o
       688        140          0          0          0        208   ddiv.o
       120          4          0          0          0         92   deqf.o
        94          4          0          0          0         92   dfix.o
        84          0          0          0          0        136   dflt_clz.o
       120          4          0          0          0         92   dleqf.o
       340         12          0          0          0        104   dmul.o
       156          4          0          0          0         92   dnaninf.o
        12          0          0          0          0         68   dretinf.o
       108          0          0          0          0         80   drleqf.o
       460         56          0          0          0        120   dsqrt_noumaal.o
        86          4          0          0          0         84   f2d.o
       430          8          0          0          0        168   faddsub_clz.o
        24          0          0          0          0         68   fcmpi.o
       388         76          0          0          0         96   fdiv.o
        54          4          0          0          0         84   ffix.o
        38          0          0          0          0         68   fflt_clz.o
       104          4          0          0          0         84   fleqf.o
       258          4          0          0          0         84   fmul.o
       140          4          0          0          0         84   fnaninf.o
         0          0         16          0          0          0   fpconst.o
        10          0          0          0          0         68   fretinf.o
        98          0          0          0          0         68   frleqf.o
         6          0          0          0          0         68   istatus.o
         4          0          0          0          0         68   printf1.o
       100          0          0          0          0         68   retnan.o
        92          0          0          0          0         68   scalbn.o
         4          0          0          0          0         68   scanf1.o
         8          0          0          0          0         84   scanf2.o
        48          0          0          0          0         68   trapv.o
         0          0          0          0          0          0   usenofp.o
       544         70        152          0          0        124   atan.o
       384         38          0          0          0        144   atan2.o
        42          0          0          0          0         84   atof.o
       156          8          0          0          0        104   cos.o
       252         22         48          0          0        124   cos_i.o
        52          6          0          0          0        340   dunder.o
       220         16          0          0          0         84   floor.o
        40          0          0          0          0         68   fpclassify.o
        88          8          0          0          0         76   frexp.o
       138          0          0          0          0        160   ldexp.o
       204          4          0          0          0        168   narrow.o
       170          0          0          0          0         96   poly.o
         0          0          8          0          0          0   qnan.o
       904         76        200          0          0        140   rred.o
       160         10          0          0          0        108   sin.o
       236         12         40          0          0        128   sin_i.o
        76          0          0          0          0         84   sqrt.o
        28          0          0          0          0         80   strtod.o
       100         10          0          0          0         96   tan.o
       636         50         96          0          0        168   tan_i.o

    ----------------------------------------------------------------------
     21548       1174       1084         12        352      13076   Library Totals
        46          0          7          0          4          0   (incl. Padding)

    ----------------------------------------------------------------------

      Code (inc. data)   RO Data    RW Data    ZI Data      Debug   Library Name

     12034        492        517         12        348       7592   c_w.l
      5038        352         16          0          0       3108   fz_ws.l
      4430        330        544          0          0       2376   m_ws.l

    ----------------------------------------------------------------------
     21548       1174       1084         12        352      13076   Library Totals

    ----------------------------------------------------------------------

==============================================================================


      Code (inc. data)   RO Data    RW Data    ZI Data      Debug   

     46176       4494       1724       1236      16820     447393   Grand Totals
     46176       4494       1724        104      16820     447393   ELF Image Totals (compressed)
     46176       4494       1724        104          0          0   ROM Totals

==============================================================================

    Total RO  Size (Code + RO Data)                47900 (  46.78kB)
    Total RW  Size (RW Data + ZI Data)             18056 (  17.63kB)
    Total ROM Size (Code + RO Data + RW Data)      48004 (  46.88kB)

==============================================================================

